<?xml version="1.0" encoding="UTF-8"?>
<TestRun id="f0783d95-78a2-4977-9e3d-8f102caa453b" name="B859390@WXP_FGAMEZ 2013-12-03 12:30:11" runUser="BANCOAZTECA\B859390" xmlns="http://microsoft.com/schemas/VisualStudio/TeamTest/2010">
  <TestSettings name="Local" id="de653c0a-5f0b-4dcc-aa03-7cc115229a2f">
    <Description>Esta es la configuración de pruebas predeterminada para una ejecución de pruebas local.</Description>
    <Deployment enabled="false" runDeploymentRoot="B859390_WXP_FGAMEZ 2013-12-03 12_30_11">
      <DeploymentItem filename="C:\gfb\distribuciones\Spring.NET\bin\net\3.5\release\Spring.Data.dll" />
      <DeploymentItem filename="C:\gfb\workspaces\networkspace\CjCRBAZCommons\CjCRBAZCommons\bin\Debug\Baz.Caja.Commons.dll" />
      <DeploymentItem filename="C:\gfb\distribuciones\Spring.NET\bin\net\3.5\release\Spring.Aop.dll" />
      <DeploymentItem filename="C:\gfb\distribuciones\Spring.NET\bin\net\3.5\release\Spring.Core.dll" />
      <DeploymentItem filename="C:\gfb\distribuciones\Spring.NET\bin\net\3.5\release\Common.Logging.dll" />
      <DeploymentItem filename="C:\gfb\workspaces\networkspace\CjCRTurnador\CjCRTurnador\bin\Baz.Caja.Turnador.dll" />
    </Deployment>
    <Execution>
      <TestTypeSpecific />
      <AgentRule name="Execution Agents">
      </AgentRule>
    </Execution>
  </TestSettings>
  <Times creation="2013-12-03T12:30:11.5006963-06:00" queuing="2013-12-03T12:30:11.5162977-06:00" start="2013-12-03T12:30:11.5318991-06:00" finish="2013-12-03T12:30:22.5308861-06:00" />
  <ResultSummary outcome="Failed">
    <Counters total="42" executed="42" passed="38" error="0" failed="4" timeout="0" aborted="0" inconclusive="0" passedButRunAborted="0" notRunnable="0" notExecuted="0" disconnected="0" warning="0" completed="0" inProgress="0" pending="0" />
    <Output>
      <DebugTrace>no configuration section &lt;common/logging&gt; found - suppressing logging output
</DebugTrace>
    </Output>
  </ResultSummary>
  <TestDefinitions>
    <UnitTest name="GenerarTurnoTest" storage="c:\gfb\workspaces\networkspace\cjcrturnador\cjcrturnadortest\bin\debug\baz.caja.turnador.test.dll" id="44dc0058-a3ca-280a-0339-87e76929ccba">
      <Execution id="8d8c3d28-d5a0-45c8-be05-73f87e8dc7e3" />
      <TestMethod codeBase="C:/gfb/workspaces/networkspace/CjCRTurnador/CjCRTurnadorTest/bin/Debug/Baz.Caja.Turnador.Test.DLL" adapterTypeName="Microsoft.VisualStudio.TestTools.TestTypes.Unit.UnitTestAdapter, Microsoft.VisualStudio.QualityTools.Tips.UnitTest.Adapter, Version=10.0.0.0, Culture=neutral, PublicKeyToken=b03f5f7f11d50a3a" className="Baz.Caja.Turnador.Test.Dao.CjCRTurnosFlowTest, Baz.Caja.Turnador.Test, Version=1.0.0.0, Culture=neutral, PublicKeyToken=null" name="GenerarTurnoTest" />
      <DataSource connectionString="|DataDirectory|\resource\datasource\TurnoTest.xml" providerInvariantName="Microsoft.VisualStudio.TestTools.DataSource.XML" tableName="entrada" />
    </UnitTest>
    <UnitTest name="GetPoolByEmpleadoTest" storage="c:\gfb\workspaces\networkspace\cjcrturnador\cjcrturnadortest\bin\debug\baz.caja.turnador.test.dll" id="e540a699-583b-2455-7765-19288451c9f3">
      <Execution id="33698fba-9abc-4c1a-b993-3b8ec76f78c6" />
      <TestMethod codeBase="C:/gfb/workspaces/networkspace/CjCRTurnador/CjCRTurnadorTest/bin/Debug/Baz.Caja.Turnador.Test.DLL" adapterTypeName="Microsoft.VisualStudio.TestTools.TestTypes.Unit.UnitTestAdapter, Microsoft.VisualStudio.QualityTools.Tips.UnitTest.Adapter, Version=10.0.0.0, Culture=neutral, PublicKeyToken=b03f5f7f11d50a3a" className="Baz.Caja.Turnador.Test.Dao.CjCRPoolFlowTest, Baz.Caja.Turnador.Test, Version=1.0.0.0, Culture=neutral, PublicKeyToken=null" name="GetPoolByEmpleadoTest" />
      <DataSource connectionString="|DataDirectory|\resource\datasource\TurnoTest.xml" providerInvariantName="Microsoft.VisualStudio.TestTools.DataSource.XML" tableName="entrada" />
    </UnitTest>
    <UnitTest name="EstadosTurnoTest" storage="c:\gfb\workspaces\networkspace\cjcrturnador\cjcrturnadortest\bin\debug\baz.caja.turnador.test.dll" id="eae61f69-2eb7-9fe3-d09d-1716cabaf372">
      <Execution id="5fde0b1d-5ce2-421c-acf9-54ff9ccae3ac" />
      <TestMethod codeBase="C:/gfb/workspaces/networkspace/CjCRTurnador/CjCRTurnadorTest/bin/Debug/Baz.Caja.Turnador.Test.DLL" adapterTypeName="Microsoft.VisualStudio.TestTools.TestTypes.Unit.UnitTestAdapter, Microsoft.VisualStudio.QualityTools.Tips.UnitTest.Adapter, Version=10.0.0.0, Culture=neutral, PublicKeyToken=b03f5f7f11d50a3a" className="Baz.Caja.Turnador.Test.Support.CjCRAppConfigTest, Baz.Caja.Turnador.Test, Version=1.0.0.0, Culture=neutral, PublicKeyToken=null" name="EstadosTurnoTest" />
    </UnitTest>
    <UnitTest name="AtencionTurnoTest" storage="c:\gfb\workspaces\networkspace\cjcrturnador\cjcrturnadortest\bin\debug\baz.caja.turnador.test.dll" id="b0a00b53-1f72-cb63-3735-5ce47cf5bb4d">
      <Execution id="7bac654d-900a-41ec-adc2-c2331ca0e398" />
      <TestMethod codeBase="C:/gfb/workspaces/networkspace/CjCRTurnador/CjCRTurnadorTest/bin/Debug/Baz.Caja.Turnador.Test.DLL" adapterTypeName="Microsoft.VisualStudio.TestTools.TestTypes.Unit.UnitTestAdapter, Microsoft.VisualStudio.QualityTools.Tips.UnitTest.Adapter, Version=10.0.0.0, Culture=neutral, PublicKeyToken=b03f5f7f11d50a3a" className="Baz.Caja.Turnador.Test.Dao.CjCRTurnosFlowTest, Baz.Caja.Turnador.Test, Version=1.0.0.0, Culture=neutral, PublicKeyToken=null" name="AtencionTurnoTest" />
      <DataSource connectionString="|DataDirectory|\resource\datasource\TurnoTest.xml" providerInvariantName="Microsoft.VisualStudio.TestTools.DataSource.XML" tableName="entrada" />
    </UnitTest>
    <UnitTest name="GetTurnosEstadoTest" storage="c:\gfb\workspaces\networkspace\cjcrturnador\cjcrturnadortest\bin\debug\baz.caja.turnador.test.dll" id="452928e3-ecab-d154-4cbd-890e72c1d49c">
      <Execution id="ed5bc7fa-bc80-49a3-97bf-139386162afd" />
      <TestMethod codeBase="C:/gfb/workspaces/networkspace/CjCRTurnador/CjCRTurnadorTest/bin/Debug/Baz.Caja.Turnador.Test.DLL" adapterTypeName="Microsoft.VisualStudio.TestTools.TestTypes.Unit.UnitTestAdapter, Microsoft.VisualStudio.QualityTools.Tips.UnitTest.Adapter, Version=10.0.0.0, Culture=neutral, PublicKeyToken=b03f5f7f11d50a3a" className="Baz.Caja.Turnador.Test.Dao.CjCRTurnosFlowTest, Baz.Caja.Turnador.Test, Version=1.0.0.0, Culture=neutral, PublicKeyToken=null" name="GetTurnosEstadoTest" />
      <DataSource connectionString="|DataDirectory|\resource\datasource\TurnoTest.xml" providerInvariantName="Microsoft.VisualStudio.TestTools.DataSource.XML" tableName="entrada" />
    </UnitTest>
    <UnitTest name="CaducarTurnosTest" storage="c:\gfb\workspaces\networkspace\cjcrturnador\cjcrturnadortest\bin\debug\baz.caja.turnador.test.dll" id="59582cb0-9642-a654-1d79-15e8731c0ab4">
      <Execution id="184326aa-d96d-4040-a7bd-522267ea374d" />
      <TestMethod codeBase="C:/gfb/workspaces/networkspace/CjCRTurnador/CjCRTurnadorTest/bin/Debug/Baz.Caja.Turnador.Test.DLL" adapterTypeName="Microsoft.VisualStudio.TestTools.TestTypes.Unit.UnitTestAdapter, Microsoft.VisualStudio.QualityTools.Tips.UnitTest.Adapter, Version=10.0.0.0, Culture=neutral, PublicKeyToken=b03f5f7f11d50a3a" className="Baz.Caja.Turnador.Test.Dao.CjCRTurnosFlowTest, Baz.Caja.Turnador.Test, Version=1.0.0.0, Culture=neutral, PublicKeyToken=null" name="CaducarTurnosTest" />
      <DataSource connectionString="|DataDirectory|\resource\datasource\TurnoTest.xml" providerInvariantName="Microsoft.VisualStudio.TestTools.DataSource.XML" tableName="entrada" />
    </UnitTest>
    <UnitTest name="GetUnidadesNegocioTest" storage="c:\gfb\workspaces\networkspace\cjcrturnador\cjcrturnadortest\bin\debug\baz.caja.turnador.test.dll" id="f8da9d3c-2f2c-1667-e8aa-8de1426e468c">
      <Execution id="8dcb8b7c-bf7e-4c39-8a26-fbc5047564c1" />
      <TestMethod codeBase="C:/gfb/workspaces/networkspace/CjCRTurnador/CjCRTurnadorTest/bin/Debug/Baz.Caja.Turnador.Test.DLL" adapterTypeName="Microsoft.VisualStudio.TestTools.TestTypes.Unit.UnitTestAdapter, Microsoft.VisualStudio.QualityTools.Tips.UnitTest.Adapter, Version=10.0.0.0, Culture=neutral, PublicKeyToken=b03f5f7f11d50a3a" className="Baz.Caja.Turnador.Test.Dao.CjCRNegocioFlowTest, Baz.Caja.Turnador.Test, Version=1.0.0.0, Culture=neutral, PublicKeyToken=null" name="GetUnidadesNegocioTest" />
    </UnitTest>
    <UnitTest name="SetEstadoAtencionTest" storage="c:\gfb\workspaces\networkspace\cjcrturnador\cjcrturnadortest\bin\debug\baz.caja.turnador.test.dll" id="36ae9b7d-958f-936a-5c3a-04b1c9114208">
      <Execution id="2c298cd7-48aa-41df-a1f8-5fee6cc755be" />
      <TestMethod codeBase="C:/gfb/workspaces/networkspace/CjCRTurnador/CjCRTurnadorTest/bin/Debug/Baz.Caja.Turnador.Test.DLL" adapterTypeName="Microsoft.VisualStudio.TestTools.TestTypes.Unit.UnitTestAdapter, Microsoft.VisualStudio.QualityTools.Tips.UnitTest.Adapter, Version=10.0.0.0, Culture=neutral, PublicKeyToken=b03f5f7f11d50a3a" className="Baz.Caja.Turnador.Test.Dao.CjCRPoolFlowTest, Baz.Caja.Turnador.Test, Version=1.0.0.0, Culture=neutral, PublicKeyToken=null" name="SetEstadoAtencionTest" />
      <DataSource connectionString="|DataDirectory|\resource\datasource\EmpleadoPoolTest.xml" providerInvariantName="Microsoft.VisualStudio.TestTools.DataSource.XML" tableName="entrada" />
    </UnitTest>
    <UnitTest name="GetTurnosAsignadosTest" storage="c:\gfb\workspaces\networkspace\cjcrturnador\cjcrturnadortest\bin\debug\baz.caja.turnador.test.dll" id="56e7d02c-ae8a-9bd0-33b0-696c7689cb4f">
      <Execution id="6eee6b5c-73e1-4535-9e70-b776ab966c6d" />
      <TestMethod codeBase="C:/gfb/workspaces/networkspace/CjCRTurnador/CjCRTurnadorTest/bin/Debug/Baz.Caja.Turnador.Test.DLL" adapterTypeName="Microsoft.VisualStudio.TestTools.TestTypes.Unit.UnitTestAdapter, Microsoft.VisualStudio.QualityTools.Tips.UnitTest.Adapter, Version=10.0.0.0, Culture=neutral, PublicKeyToken=b03f5f7f11d50a3a" className="Baz.Caja.Turnador.Test.Dao.CjCRTurnosFlowTest, Baz.Caja.Turnador.Test, Version=1.0.0.0, Culture=neutral, PublicKeyToken=null" name="GetTurnosAsignadosTest" />
      <DataSource connectionString="|DataDirectory|\resource\datasource\TurnoTest.xml" providerInvariantName="Microsoft.VisualStudio.TestTools.DataSource.XML" tableName="entrada" />
    </UnitTest>
    <UnitTest name="GetPoolAtencionTest" storage="c:\gfb\workspaces\networkspace\cjcrturnador\cjcrturnadortest\bin\debug\baz.caja.turnador.test.dll" id="721667a8-c11d-80ba-9f50-486538293871">
      <Execution id="1fd5de24-7987-4db2-b820-797e40f95a5c" />
      <TestMethod codeBase="C:/gfb/workspaces/networkspace/CjCRTurnador/CjCRTurnadorTest/bin/Debug/Baz.Caja.Turnador.Test.DLL" adapterTypeName="Microsoft.VisualStudio.TestTools.TestTypes.Unit.UnitTestAdapter, Microsoft.VisualStudio.QualityTools.Tips.UnitTest.Adapter, Version=10.0.0.0, Culture=neutral, PublicKeyToken=b03f5f7f11d50a3a" className="Baz.Caja.Turnador.Test.Dao.CjCRPoolFlowTest, Baz.Caja.Turnador.Test, Version=1.0.0.0, Culture=neutral, PublicKeyToken=null" name="GetPoolAtencionTest" />
      <DataSource connectionString="|DataDirectory|\resource\datasource\TurnoTest.xml" providerInvariantName="Microsoft.VisualStudio.TestTools.DataSource.XML" tableName="entrada" />
    </UnitTest>
    <UnitTest name="GetPoolByUnidadTest" storage="c:\gfb\workspaces\networkspace\cjcrturnador\cjcrturnadortest\bin\debug\baz.caja.turnador.test.dll" id="f0a4dff6-07c1-8a4a-7246-60c5f2c1511b">
      <Execution id="b6496fcd-471f-4dbd-9351-c361a6c18cd4" />
      <TestMethod codeBase="C:/gfb/workspaces/networkspace/CjCRTurnador/CjCRTurnadorTest/bin/Debug/Baz.Caja.Turnador.Test.DLL" adapterTypeName="Microsoft.VisualStudio.TestTools.TestTypes.Unit.UnitTestAdapter, Microsoft.VisualStudio.QualityTools.Tips.UnitTest.Adapter, Version=10.0.0.0, Culture=neutral, PublicKeyToken=b03f5f7f11d50a3a" className="Baz.Caja.Turnador.Test.Dao.CjCRPoolFlowTest, Baz.Caja.Turnador.Test, Version=1.0.0.0, Culture=neutral, PublicKeyToken=null" name="GetPoolByUnidadTest" />
      <DataSource connectionString="|DataDirectory|\resource\datasource\TurnoTest.xml" providerInvariantName="Microsoft.VisualStudio.TestTools.DataSource.XML" tableName="entrada" />
    </UnitTest>
    <UnitTest name="EstadosAtencionTest" storage="c:\gfb\workspaces\networkspace\cjcrturnador\cjcrturnadortest\bin\debug\baz.caja.turnador.test.dll" id="93e83332-6444-3110-f73c-ac820af4dbad">
      <Execution id="0a02396b-b4ec-4b5f-a361-be7adf031d8b" />
      <TestMethod codeBase="C:/gfb/workspaces/networkspace/CjCRTurnador/CjCRTurnadorTest/bin/Debug/Baz.Caja.Turnador.Test.DLL" adapterTypeName="Microsoft.VisualStudio.TestTools.TestTypes.Unit.UnitTestAdapter, Microsoft.VisualStudio.QualityTools.Tips.UnitTest.Adapter, Version=10.0.0.0, Culture=neutral, PublicKeyToken=b03f5f7f11d50a3a" className="Baz.Caja.Turnador.Test.Support.CjCRAppConfigTest, Baz.Caja.Turnador.Test, Version=1.0.0.0, Culture=neutral, PublicKeyToken=null" name="EstadosAtencionTest" />
    </UnitTest>
  </TestDefinitions>
  <TestLists>
    <TestList name="Resultados que no están en la lista" id="8c84fa94-04c1-424b-9868-57a2d4851a1d" />
    <TestList name="Todos los resultados cargados" id="19431567-8539-422a-85d7-44ee4e166bda" />
  </TestLists>
  <TestEntries>
    <TestEntry testId="36ae9b7d-958f-936a-5c3a-04b1c9114208" executionId="2c298cd7-48aa-41df-a1f8-5fee6cc755be" testListId="8c84fa94-04c1-424b-9868-57a2d4851a1d" />
    <TestEntry testId="44dc0058-a3ca-280a-0339-87e76929ccba" executionId="8d8c3d28-d5a0-45c8-be05-73f87e8dc7e3" testListId="8c84fa94-04c1-424b-9868-57a2d4851a1d" />
    <TestEntry testId="452928e3-ecab-d154-4cbd-890e72c1d49c" executionId="ed5bc7fa-bc80-49a3-97bf-139386162afd" testListId="8c84fa94-04c1-424b-9868-57a2d4851a1d" />
    <TestEntry testId="56e7d02c-ae8a-9bd0-33b0-696c7689cb4f" executionId="6eee6b5c-73e1-4535-9e70-b776ab966c6d" testListId="8c84fa94-04c1-424b-9868-57a2d4851a1d" />
    <TestEntry testId="59582cb0-9642-a654-1d79-15e8731c0ab4" executionId="184326aa-d96d-4040-a7bd-522267ea374d" testListId="8c84fa94-04c1-424b-9868-57a2d4851a1d" />
    <TestEntry testId="721667a8-c11d-80ba-9f50-486538293871" executionId="1fd5de24-7987-4db2-b820-797e40f95a5c" testListId="8c84fa94-04c1-424b-9868-57a2d4851a1d" />
    <TestEntry testId="93e83332-6444-3110-f73c-ac820af4dbad" executionId="0a02396b-b4ec-4b5f-a361-be7adf031d8b" testListId="8c84fa94-04c1-424b-9868-57a2d4851a1d" />
    <TestEntry testId="b0a00b53-1f72-cb63-3735-5ce47cf5bb4d" executionId="7bac654d-900a-41ec-adc2-c2331ca0e398" testListId="8c84fa94-04c1-424b-9868-57a2d4851a1d" />
    <TestEntry testId="e540a699-583b-2455-7765-19288451c9f3" executionId="33698fba-9abc-4c1a-b993-3b8ec76f78c6" testListId="8c84fa94-04c1-424b-9868-57a2d4851a1d" />
    <TestEntry testId="eae61f69-2eb7-9fe3-d09d-1716cabaf372" executionId="5fde0b1d-5ce2-421c-acf9-54ff9ccae3ac" testListId="8c84fa94-04c1-424b-9868-57a2d4851a1d" />
    <TestEntry testId="f0a4dff6-07c1-8a4a-7246-60c5f2c1511b" executionId="b6496fcd-471f-4dbd-9351-c361a6c18cd4" testListId="8c84fa94-04c1-424b-9868-57a2d4851a1d" />
    <TestEntry testId="f8da9d3c-2f2c-1667-e8aa-8de1426e468c" executionId="8dcb8b7c-bf7e-4c39-8a26-fbc5047564c1" testListId="8c84fa94-04c1-424b-9868-57a2d4851a1d" />
  </TestEntries>
  <Results>
    <UnitTestResult executionId="2c298cd7-48aa-41df-a1f8-5fee6cc755be" testId="36ae9b7d-958f-936a-5c3a-04b1c9114208" testName="SetEstadoAtencionTest" computerName="WXP_FGAMEZ" duration="00:00:00.0772240" startTime="2013-12-03T12:30:11.5318991-06:00" endTime="2013-12-03T12:30:12.3899761-06:00" testType="13cdc9d9-ddb5-4fa4-a97d-d965ccfc6d4b" outcome="Passed" testListId="8c84fa94-04c1-424b-9868-57a2d4851a1d" relativeResultsDirectory="2c298cd7-48aa-41df-a1f8-5fee6cc755be" resultType="DataDrivenTest">
      <Counters error="0" failed="0" timeout="0" aborted="0" inconclusive="0" passedButRunAborted="0" notRunnable="0" notExecuted="0" disconnected="0" warning="0" passed="6" completed="0" inProgress="0" pending="0" />
      <InnerResults>
        <UnitTestResult executionId="33ab5074-6ade-4989-ba03-2827d85a2ce7" parentExecutionId="2c298cd7-48aa-41df-a1f8-5fee6cc755be" testId="36ae9b7d-958f-936a-5c3a-04b1c9114208" testName="SetEstadoAtencionTest" computerName="WXP_FGAMEZ" duration="00:00:00.0421180" startTime="2013-12-03T12:30:12.2963677-06:00" endTime="2013-12-03T12:30:12.3431719-06:00" testType="13cdc9d9-ddb5-4fa4-a97d-d965ccfc6d4b" outcome="Passed" testListId="8c84fa94-04c1-424b-9868-57a2d4851a1d" relativeResultsDirectory="2c298cd7-48aa-41df-a1f8-5fee6cc755be" dataRowInfo="0" resultType="DataDrivenDataRow" />
        <UnitTestResult executionId="24098fc0-3860-4190-abf2-4db962c91d9a" parentExecutionId="2c298cd7-48aa-41df-a1f8-5fee6cc755be" testId="36ae9b7d-958f-936a-5c3a-04b1c9114208" testName="SetEstadoAtencionTest" computerName="WXP_FGAMEZ" duration="00:00:00.0031140" startTime="2013-12-03T12:30:12.3431719-06:00" endTime="2013-12-03T12:30:12.3431719-06:00" testType="13cdc9d9-ddb5-4fa4-a97d-d965ccfc6d4b" outcome="Passed" testListId="8c84fa94-04c1-424b-9868-57a2d4851a1d" relativeResultsDirectory="2c298cd7-48aa-41df-a1f8-5fee6cc755be" dataRowInfo="1" resultType="DataDrivenDataRow" />
        <UnitTestResult executionId="1c90a93c-994d-481c-bb51-8bc7510cacac" parentExecutionId="2c298cd7-48aa-41df-a1f8-5fee6cc755be" testId="36ae9b7d-958f-936a-5c3a-04b1c9114208" testName="SetEstadoAtencionTest" computerName="WXP_FGAMEZ" duration="00:00:00.0051869" startTime="2013-12-03T12:30:12.3431719-06:00" endTime="2013-12-03T12:30:12.3587733-06:00" testType="13cdc9d9-ddb5-4fa4-a97d-d965ccfc6d4b" outcome="Passed" testListId="8c84fa94-04c1-424b-9868-57a2d4851a1d" relativeResultsDirectory="2c298cd7-48aa-41df-a1f8-5fee6cc755be" dataRowInfo="2" resultType="DataDrivenDataRow" />
        <UnitTestResult executionId="5dcf8ac8-d510-4c31-80ef-9597754c0d8b" parentExecutionId="2c298cd7-48aa-41df-a1f8-5fee6cc755be" testId="36ae9b7d-958f-936a-5c3a-04b1c9114208" testName="SetEstadoAtencionTest" computerName="WXP_FGAMEZ" duration="00:00:00.0030919" startTime="2013-12-03T12:30:12.3587733-06:00" endTime="2013-12-03T12:30:12.3587733-06:00" testType="13cdc9d9-ddb5-4fa4-a97d-d965ccfc6d4b" outcome="Passed" testListId="8c84fa94-04c1-424b-9868-57a2d4851a1d" relativeResultsDirectory="2c298cd7-48aa-41df-a1f8-5fee6cc755be" dataRowInfo="3" resultType="DataDrivenDataRow" />
        <UnitTestResult executionId="00c12155-b41e-4587-9e75-c86c14d5f98a" parentExecutionId="2c298cd7-48aa-41df-a1f8-5fee6cc755be" testId="36ae9b7d-958f-936a-5c3a-04b1c9114208" testName="SetEstadoAtencionTest" computerName="WXP_FGAMEZ" duration="00:00:00.0044965" startTime="2013-12-03T12:30:12.3587733-06:00" endTime="2013-12-03T12:30:12.3587733-06:00" testType="13cdc9d9-ddb5-4fa4-a97d-d965ccfc6d4b" outcome="Passed" testListId="8c84fa94-04c1-424b-9868-57a2d4851a1d" relativeResultsDirectory="2c298cd7-48aa-41df-a1f8-5fee6cc755be" dataRowInfo="4" resultType="DataDrivenDataRow" />
        <UnitTestResult executionId="a8021eaf-45c6-473c-9c0a-d43b8829b552" parentExecutionId="2c298cd7-48aa-41df-a1f8-5fee6cc755be" testId="36ae9b7d-958f-936a-5c3a-04b1c9114208" testName="SetEstadoAtencionTest" computerName="WXP_FGAMEZ" duration="00:00:00.0019984" startTime="2013-12-03T12:30:12.3587733-06:00" endTime="2013-12-03T12:30:12.3587733-06:00" testType="13cdc9d9-ddb5-4fa4-a97d-d965ccfc6d4b" outcome="Passed" testListId="8c84fa94-04c1-424b-9868-57a2d4851a1d" relativeResultsDirectory="2c298cd7-48aa-41df-a1f8-5fee6cc755be" dataRowInfo="5" resultType="DataDrivenDataRow" />
      </InnerResults>
    </UnitTestResult>
    <UnitTestResult executionId="8d8c3d28-d5a0-45c8-be05-73f87e8dc7e3" testId="44dc0058-a3ca-280a-0339-87e76929ccba" testName="GenerarTurnoTest" computerName="WXP_FGAMEZ" duration="00:00:00.0966909" startTime="2013-12-03T12:30:12.3899761-06:00" endTime="2013-12-03T12:30:12.5615915-06:00" testType="13cdc9d9-ddb5-4fa4-a97d-d965ccfc6d4b" outcome="Passed" testListId="8c84fa94-04c1-424b-9868-57a2d4851a1d" relativeResultsDirectory="8d8c3d28-d5a0-45c8-be05-73f87e8dc7e3" resultType="DataDrivenTest">
      <Counters error="0" failed="0" timeout="0" aborted="0" inconclusive="0" passedButRunAborted="0" notRunnable="0" notExecuted="0" disconnected="0" warning="0" passed="3" completed="0" inProgress="0" pending="0" />
      <InnerResults>
        <UnitTestResult executionId="1196730a-b8ef-4ab2-89a2-d96e4e44bdcb" parentExecutionId="8d8c3d28-d5a0-45c8-be05-73f87e8dc7e3" testId="44dc0058-a3ca-280a-0339-87e76929ccba" testName="GenerarTurnoTest" computerName="WXP_FGAMEZ" duration="00:00:00.0391209" startTime="2013-12-03T12:30:12.4679831-06:00" endTime="2013-12-03T12:30:12.4991859-06:00" testType="13cdc9d9-ddb5-4fa4-a97d-d965ccfc6d4b" outcome="Passed" testListId="8c84fa94-04c1-424b-9868-57a2d4851a1d" relativeResultsDirectory="8d8c3d28-d5a0-45c8-be05-73f87e8dc7e3" dataRowInfo="0" resultType="DataDrivenDataRow" />
        <UnitTestResult executionId="dc0e0a16-b39d-4870-96f7-e5e3cb40bd39" parentExecutionId="8d8c3d28-d5a0-45c8-be05-73f87e8dc7e3" testId="44dc0058-a3ca-280a-0339-87e76929ccba" testName="GenerarTurnoTest" computerName="WXP_FGAMEZ" duration="00:00:00.0256863" startTime="2013-12-03T12:30:12.4991859-06:00" endTime="2013-12-03T12:30:12.5303887-06:00" testType="13cdc9d9-ddb5-4fa4-a97d-d965ccfc6d4b" outcome="Passed" testListId="8c84fa94-04c1-424b-9868-57a2d4851a1d" relativeResultsDirectory="8d8c3d28-d5a0-45c8-be05-73f87e8dc7e3" dataRowInfo="1" resultType="DataDrivenDataRow" />
        <UnitTestResult executionId="279df123-b129-4023-a1ed-bb4fdd5f11ba" parentExecutionId="8d8c3d28-d5a0-45c8-be05-73f87e8dc7e3" testId="44dc0058-a3ca-280a-0339-87e76929ccba" testName="GenerarTurnoTest" computerName="WXP_FGAMEZ" duration="00:00:00.0304665" startTime="2013-12-03T12:30:12.5303887-06:00" endTime="2013-12-03T12:30:12.5615915-06:00" testType="13cdc9d9-ddb5-4fa4-a97d-d965ccfc6d4b" outcome="Passed" testListId="8c84fa94-04c1-424b-9868-57a2d4851a1d" relativeResultsDirectory="8d8c3d28-d5a0-45c8-be05-73f87e8dc7e3" dataRowInfo="2" resultType="DataDrivenDataRow" />
      </InnerResults>
    </UnitTestResult>
    <UnitTestResult executionId="ed5bc7fa-bc80-49a3-97bf-139386162afd" testId="452928e3-ecab-d154-4cbd-890e72c1d49c" testName="GetTurnosEstadoTest" computerName="WXP_FGAMEZ" duration="00:00:00.0826334" startTime="2013-12-03T12:30:12.5615915-06:00" endTime="2013-12-03T12:30:12.6551999-06:00" testType="13cdc9d9-ddb5-4fa4-a97d-d965ccfc6d4b" outcome="Passed" testListId="8c84fa94-04c1-424b-9868-57a2d4851a1d" relativeResultsDirectory="ed5bc7fa-bc80-49a3-97bf-139386162afd" resultType="DataDrivenTest">
      <Counters error="0" failed="0" timeout="0" aborted="0" inconclusive="0" passedButRunAborted="0" notRunnable="0" notExecuted="0" disconnected="0" warning="0" passed="3" completed="0" inProgress="0" pending="0" />
      <InnerResults>
        <UnitTestResult executionId="30dacbf6-54ec-46a8-83e3-f8371bc66c10" parentExecutionId="ed5bc7fa-bc80-49a3-97bf-139386162afd" testId="452928e3-ecab-d154-4cbd-890e72c1d49c" testName="GetTurnosEstadoTest" computerName="WXP_FGAMEZ" duration="00:00:00.0268449" startTime="2013-12-03T12:30:12.5615915-06:00" endTime="2013-12-03T12:30:12.5927943-06:00" testType="13cdc9d9-ddb5-4fa4-a97d-d965ccfc6d4b" outcome="Passed" testListId="8c84fa94-04c1-424b-9868-57a2d4851a1d" relativeResultsDirectory="ed5bc7fa-bc80-49a3-97bf-139386162afd" dataRowInfo="0" resultType="DataDrivenDataRow" />
        <UnitTestResult executionId="d9e3d60f-ea4f-4b5e-9c43-3df87450502a" parentExecutionId="ed5bc7fa-bc80-49a3-97bf-139386162afd" testId="452928e3-ecab-d154-4cbd-890e72c1d49c" testName="GetTurnosEstadoTest" computerName="WXP_FGAMEZ" duration="00:00:00.0427617" startTime="2013-12-03T12:30:12.5927943-06:00" endTime="2013-12-03T12:30:12.6395985-06:00" testType="13cdc9d9-ddb5-4fa4-a97d-d965ccfc6d4b" outcome="Passed" testListId="8c84fa94-04c1-424b-9868-57a2d4851a1d" relativeResultsDirectory="ed5bc7fa-bc80-49a3-97bf-139386162afd" dataRowInfo="1" resultType="DataDrivenDataRow" />
        <UnitTestResult executionId="886289fb-1f6b-4455-a139-2d6a190fddc9" parentExecutionId="ed5bc7fa-bc80-49a3-97bf-139386162afd" testId="452928e3-ecab-d154-4cbd-890e72c1d49c" testName="GetTurnosEstadoTest" computerName="WXP_FGAMEZ" duration="00:00:00.0117130" startTime="2013-12-03T12:30:12.6395985-06:00" endTime="2013-12-03T12:30:12.6551999-06:00" testType="13cdc9d9-ddb5-4fa4-a97d-d965ccfc6d4b" outcome="Passed" testListId="8c84fa94-04c1-424b-9868-57a2d4851a1d" relativeResultsDirectory="ed5bc7fa-bc80-49a3-97bf-139386162afd" dataRowInfo="2" resultType="DataDrivenDataRow" />
      </InnerResults>
    </UnitTestResult>
    <UnitTestResult executionId="6eee6b5c-73e1-4535-9e70-b776ab966c6d" testId="56e7d02c-ae8a-9bd0-33b0-696c7689cb4f" testName="GetTurnosAsignadosTest" computerName="WXP_FGAMEZ" duration="00:00:04.6290081" startTime="2013-12-03T12:30:12.6551999-06:00" endTime="2013-12-03T12:30:17.2888157-06:00" testType="13cdc9d9-ddb5-4fa4-a97d-d965ccfc6d4b" outcome="Passed" testListId="8c84fa94-04c1-424b-9868-57a2d4851a1d" relativeResultsDirectory="6eee6b5c-73e1-4535-9e70-b776ab966c6d" resultType="DataDrivenTest">
      <Counters error="0" failed="0" timeout="0" aborted="0" inconclusive="0" passedButRunAborted="0" notRunnable="0" notExecuted="0" disconnected="0" warning="0" passed="3" completed="0" inProgress="0" pending="0" />
      <InnerResults>
        <UnitTestResult executionId="e54bc5eb-23a9-402a-a26d-7cd219afe325" parentExecutionId="6eee6b5c-73e1-4535-9e70-b776ab966c6d" testId="56e7d02c-ae8a-9bd0-33b0-696c7689cb4f" testName="GetTurnosAsignadosTest" computerName="WXP_FGAMEZ" duration="00:00:01.5196148" startTime="2013-12-03T12:30:12.6551999-06:00" endTime="2013-12-03T12:30:14.1841371-06:00" testType="13cdc9d9-ddb5-4fa4-a97d-d965ccfc6d4b" outcome="Passed" testListId="8c84fa94-04c1-424b-9868-57a2d4851a1d" relativeResultsDirectory="6eee6b5c-73e1-4535-9e70-b776ab966c6d" dataRowInfo="0" resultType="DataDrivenDataRow" />
        <UnitTestResult executionId="94deffef-27d8-4b30-a877-1c8ed1ec96eb" parentExecutionId="6eee6b5c-73e1-4535-9e70-b776ab966c6d" testId="56e7d02c-ae8a-9bd0-33b0-696c7689cb4f" testName="GetTurnosAsignadosTest" computerName="WXP_FGAMEZ" duration="00:00:01.5704238" startTime="2013-12-03T12:30:14.1841371-06:00" endTime="2013-12-03T12:30:15.7442771-06:00" testType="13cdc9d9-ddb5-4fa4-a97d-d965ccfc6d4b" outcome="Passed" testListId="8c84fa94-04c1-424b-9868-57a2d4851a1d" relativeResultsDirectory="6eee6b5c-73e1-4535-9e70-b776ab966c6d" dataRowInfo="1" resultType="DataDrivenDataRow" />
        <UnitTestResult executionId="ed62a0e6-0c34-45a5-ba57-066f749f3490" parentExecutionId="6eee6b5c-73e1-4535-9e70-b776ab966c6d" testId="56e7d02c-ae8a-9bd0-33b0-696c7689cb4f" testName="GetTurnosAsignadosTest" computerName="WXP_FGAMEZ" duration="00:00:01.5375957" startTime="2013-12-03T12:30:15.7442771-06:00" endTime="2013-12-03T12:30:17.2888157-06:00" testType="13cdc9d9-ddb5-4fa4-a97d-d965ccfc6d4b" outcome="Passed" testListId="8c84fa94-04c1-424b-9868-57a2d4851a1d" relativeResultsDirectory="6eee6b5c-73e1-4535-9e70-b776ab966c6d" dataRowInfo="2" resultType="DataDrivenDataRow" />
      </InnerResults>
    </UnitTestResult>
    <UnitTestResult executionId="184326aa-d96d-4040-a7bd-522267ea374d" testId="59582cb0-9642-a654-1d79-15e8731c0ab4" testName="CaducarTurnosTest" computerName="WXP_FGAMEZ" duration="00:00:00.0296088" startTime="2013-12-03T12:30:17.2888157-06:00" endTime="2013-12-03T12:30:17.3356199-06:00" testType="13cdc9d9-ddb5-4fa4-a97d-d965ccfc6d4b" outcome="Failed" testListId="8c84fa94-04c1-424b-9868-57a2d4851a1d" relativeResultsDirectory="184326aa-d96d-4040-a7bd-522267ea374d" resultType="DataDrivenTest">
      <Counters error="0" failed="3" timeout="0" aborted="0" inconclusive="0" passedButRunAborted="0" notRunnable="0" notExecuted="0" disconnected="0" warning="0" passed="0" completed="0" inProgress="0" pending="0" />
      <InnerResults>
        <UnitTestResult executionId="45dd03e0-427c-49bd-911a-b1b2afa766a9" parentExecutionId="184326aa-d96d-4040-a7bd-522267ea374d" testId="59582cb0-9642-a654-1d79-15e8731c0ab4" testName="CaducarTurnosTest" computerName="WXP_FGAMEZ" duration="00:00:00.0223705" startTime="2013-12-03T12:30:17.3044171-06:00" endTime="2013-12-03T12:30:17.3200185-06:00" testType="13cdc9d9-ddb5-4fa4-a97d-d965ccfc6d4b" outcome="Failed" testListId="8c84fa94-04c1-424b-9868-57a2d4851a1d" relativeResultsDirectory="184326aa-d96d-4040-a7bd-522267ea374d" dataRowInfo="0" resultType="DataDrivenDataRow">
          <Output>
            <ErrorInfo>
              <Message>El método de prueba Baz.Caja.Turnador.Test.Dao.CjCRTurnosFlowTest.CaducarTurnosTest produjo la excepción: 
System.NullReferenceException: Referencia a objeto no establecida como instancia de un objeto.</Message>
              <StackTrace>    en Baz.Caja.Turnador.Test.Dao.CjCRTurnosFlowTest.CaducarTurnosTest() en C:\gfb\workspaces\networkspace\CjCRTurnador\CjCRTurnadorTest\test\logic\CjCRTurnosFlowTest.cs:línea 176
</StackTrace>
            </ErrorInfo>
          </Output>
        </UnitTestResult>
        <UnitTestResult executionId="8755da74-4052-47f2-970a-e54451c12ffa" parentExecutionId="184326aa-d96d-4040-a7bd-522267ea374d" testId="59582cb0-9642-a654-1d79-15e8731c0ab4" testName="CaducarTurnosTest" computerName="WXP_FGAMEZ" duration="00:00:00.0027822" startTime="2013-12-03T12:30:17.3200185-06:00" endTime="2013-12-03T12:30:17.3200185-06:00" testType="13cdc9d9-ddb5-4fa4-a97d-d965ccfc6d4b" outcome="Failed" testListId="8c84fa94-04c1-424b-9868-57a2d4851a1d" relativeResultsDirectory="184326aa-d96d-4040-a7bd-522267ea374d" dataRowInfo="1" resultType="DataDrivenDataRow">
          <Output>
            <ErrorInfo>
              <Message>El método de prueba Baz.Caja.Turnador.Test.Dao.CjCRTurnosFlowTest.CaducarTurnosTest produjo la excepción: 
System.NullReferenceException: Referencia a objeto no establecida como instancia de un objeto.</Message>
              <StackTrace>    en Baz.Caja.Turnador.Test.Dao.CjCRTurnosFlowTest.CaducarTurnosTest() en C:\gfb\workspaces\networkspace\CjCRTurnador\CjCRTurnadorTest\test\logic\CjCRTurnosFlowTest.cs:línea 176
</StackTrace>
            </ErrorInfo>
          </Output>
        </UnitTestResult>
        <UnitTestResult executionId="d593d1a9-4c51-4303-b21b-4a4015c54059" parentExecutionId="184326aa-d96d-4040-a7bd-522267ea374d" testId="59582cb0-9642-a654-1d79-15e8731c0ab4" testName="CaducarTurnosTest" computerName="WXP_FGAMEZ" duration="00:00:00.0027752" startTime="2013-12-03T12:30:17.3200185-06:00" endTime="2013-12-03T12:30:17.3200185-06:00" testType="13cdc9d9-ddb5-4fa4-a97d-d965ccfc6d4b" outcome="Failed" testListId="8c84fa94-04c1-424b-9868-57a2d4851a1d" relativeResultsDirectory="184326aa-d96d-4040-a7bd-522267ea374d" dataRowInfo="2" resultType="DataDrivenDataRow">
          <Output>
            <ErrorInfo>
              <Message>El método de prueba Baz.Caja.Turnador.Test.Dao.CjCRTurnosFlowTest.CaducarTurnosTest produjo la excepción: 
System.NullReferenceException: Referencia a objeto no establecida como instancia de un objeto.</Message>
              <StackTrace>    en Baz.Caja.Turnador.Test.Dao.CjCRTurnosFlowTest.CaducarTurnosTest() en C:\gfb\workspaces\networkspace\CjCRTurnador\CjCRTurnadorTest\test\logic\CjCRTurnosFlowTest.cs:línea 176
</StackTrace>
            </ErrorInfo>
          </Output>
        </UnitTestResult>
      </InnerResults>
    </UnitTestResult>
    <UnitTestResult executionId="1fd5de24-7987-4db2-b820-797e40f95a5c" testId="721667a8-c11d-80ba-9f50-486538293871" testName="GetPoolAtencionTest" computerName="WXP_FGAMEZ" duration="00:00:00.0810455" startTime="2013-12-03T12:30:17.3356199-06:00" endTime="2013-12-03T12:30:17.4292283-06:00" testType="13cdc9d9-ddb5-4fa4-a97d-d965ccfc6d4b" outcome="Passed" testListId="8c84fa94-04c1-424b-9868-57a2d4851a1d" relativeResultsDirectory="1fd5de24-7987-4db2-b820-797e40f95a5c" resultType="DataDrivenTest">
      <Counters error="0" failed="0" timeout="0" aborted="0" inconclusive="0" passedButRunAborted="0" notRunnable="0" notExecuted="0" disconnected="0" warning="0" passed="3" completed="0" inProgress="0" pending="0" />
      <InnerResults>
        <UnitTestResult executionId="4ab1bcc0-7f0d-4221-a82c-d9cefcd32f57" parentExecutionId="1fd5de24-7987-4db2-b820-797e40f95a5c" testId="721667a8-c11d-80ba-9f50-486538293871" testName="GetPoolAtencionTest" computerName="WXP_FGAMEZ" duration="00:00:00.0384534" startTime="2013-12-03T12:30:17.3356199-06:00" endTime="2013-12-03T12:30:17.3824241-06:00" testType="13cdc9d9-ddb5-4fa4-a97d-d965ccfc6d4b" outcome="Passed" testListId="8c84fa94-04c1-424b-9868-57a2d4851a1d" relativeResultsDirectory="1fd5de24-7987-4db2-b820-797e40f95a5c" dataRowInfo="0" resultType="DataDrivenDataRow" />
        <UnitTestResult executionId="0d5d0715-0cd0-418e-a7a1-abe355628e32" parentExecutionId="1fd5de24-7987-4db2-b820-797e40f95a5c" testId="721667a8-c11d-80ba-9f50-486538293871" testName="GetPoolAtencionTest" computerName="WXP_FGAMEZ" duration="00:00:00.0181170" startTime="2013-12-03T12:30:17.3824241-06:00" endTime="2013-12-03T12:30:17.3980255-06:00" testType="13cdc9d9-ddb5-4fa4-a97d-d965ccfc6d4b" outcome="Passed" testListId="8c84fa94-04c1-424b-9868-57a2d4851a1d" relativeResultsDirectory="1fd5de24-7987-4db2-b820-797e40f95a5c" dataRowInfo="1" resultType="DataDrivenDataRow" />
        <UnitTestResult executionId="78e077c5-e027-47c1-9c1d-fc8b9f99f4d0" parentExecutionId="1fd5de24-7987-4db2-b820-797e40f95a5c" testId="721667a8-c11d-80ba-9f50-486538293871" testName="GetPoolAtencionTest" computerName="WXP_FGAMEZ" duration="00:00:00.0224051" startTime="2013-12-03T12:30:17.3980255-06:00" endTime="2013-12-03T12:30:17.4136269-06:00" testType="13cdc9d9-ddb5-4fa4-a97d-d965ccfc6d4b" outcome="Passed" testListId="8c84fa94-04c1-424b-9868-57a2d4851a1d" relativeResultsDirectory="1fd5de24-7987-4db2-b820-797e40f95a5c" dataRowInfo="2" resultType="DataDrivenDataRow" />
      </InnerResults>
    </UnitTestResult>
    <UnitTestResult executionId="0a02396b-b4ec-4b5f-a361-be7adf031d8b" testId="93e83332-6444-3110-f73c-ac820af4dbad" testName="EstadosAtencionTest" computerName="WXP_FGAMEZ" duration="00:00:00.0015506" startTime="2013-12-03T12:30:17.4292283-06:00" endTime="2013-12-03T12:30:17.5384381-06:00" testType="13cdc9d9-ddb5-4fa4-a97d-d965ccfc6d4b" outcome="Passed" testListId="8c84fa94-04c1-424b-9868-57a2d4851a1d" relativeResultsDirectory="0a02396b-b4ec-4b5f-a361-be7adf031d8b">
    </UnitTestResult>
    <UnitTestResult executionId="7bac654d-900a-41ec-adc2-c2331ca0e398" testId="b0a00b53-1f72-cb63-3735-5ce47cf5bb4d" testName="AtencionTurnoTest" computerName="WXP_FGAMEZ" duration="00:00:04.7179306" startTime="2013-12-03T12:30:17.5384381-06:00" endTime="2013-12-03T12:30:22.2500609-06:00" testType="13cdc9d9-ddb5-4fa4-a97d-d965ccfc6d4b" outcome="Passed" testListId="8c84fa94-04c1-424b-9868-57a2d4851a1d" relativeResultsDirectory="7bac654d-900a-41ec-adc2-c2331ca0e398" resultType="DataDrivenTest">
      <Counters error="0" failed="0" timeout="0" aborted="0" inconclusive="0" passedButRunAborted="0" notRunnable="0" notExecuted="0" disconnected="0" warning="0" passed="3" completed="0" inProgress="0" pending="0" />
      <InnerResults>
        <UnitTestResult executionId="c6a47194-57e5-49d6-bca2-e884ebfbe634" parentExecutionId="7bac654d-900a-41ec-adc2-c2331ca0e398" testId="b0a00b53-1f72-cb63-3735-5ce47cf5bb4d" testName="AtencionTurnoTest" computerName="WXP_FGAMEZ" duration="00:00:01.6060179" startTime="2013-12-03T12:30:17.5384381-06:00" endTime="2013-12-03T12:30:19.1453823-06:00" testType="13cdc9d9-ddb5-4fa4-a97d-d965ccfc6d4b" outcome="Passed" testListId="8c84fa94-04c1-424b-9868-57a2d4851a1d" relativeResultsDirectory="7bac654d-900a-41ec-adc2-c2331ca0e398" dataRowInfo="0" resultType="DataDrivenDataRow" />
        <UnitTestResult executionId="866619b4-b78d-4517-97bc-7b05583529e1" parentExecutionId="7bac654d-900a-41ec-adc2-c2331ca0e398" testId="b0a00b53-1f72-cb63-3735-5ce47cf5bb4d" testName="AtencionTurnoTest" computerName="WXP_FGAMEZ" duration="00:00:01.5522304" startTime="2013-12-03T12:30:19.1453823-06:00" endTime="2013-12-03T12:30:20.6899209-06:00" testType="13cdc9d9-ddb5-4fa4-a97d-d965ccfc6d4b" outcome="Passed" testListId="8c84fa94-04c1-424b-9868-57a2d4851a1d" relativeResultsDirectory="7bac654d-900a-41ec-adc2-c2331ca0e398" dataRowInfo="1" resultType="DataDrivenDataRow" />
        <UnitTestResult executionId="c36fffd7-f124-4290-9316-39b402c8d7f9" parentExecutionId="7bac654d-900a-41ec-adc2-c2331ca0e398" testId="b0a00b53-1f72-cb63-3735-5ce47cf5bb4d" testName="AtencionTurnoTest" computerName="WXP_FGAMEZ" duration="00:00:01.5579936" startTime="2013-12-03T12:30:20.6899209-06:00" endTime="2013-12-03T12:30:22.2500609-06:00" testType="13cdc9d9-ddb5-4fa4-a97d-d965ccfc6d4b" outcome="Passed" testListId="8c84fa94-04c1-424b-9868-57a2d4851a1d" relativeResultsDirectory="7bac654d-900a-41ec-adc2-c2331ca0e398" dataRowInfo="2" resultType="DataDrivenDataRow" />
      </InnerResults>
    </UnitTestResult>
    <UnitTestResult executionId="33698fba-9abc-4c1a-b993-3b8ec76f78c6" testId="e540a699-583b-2455-7765-19288451c9f3" testName="GetPoolByEmpleadoTest" computerName="WXP_FGAMEZ" duration="00:00:00.0671167" startTime="2013-12-03T12:30:22.2656623-06:00" endTime="2013-12-03T12:30:22.3436693-06:00" testType="13cdc9d9-ddb5-4fa4-a97d-d965ccfc6d4b" outcome="Passed" testListId="8c84fa94-04c1-424b-9868-57a2d4851a1d" relativeResultsDirectory="33698fba-9abc-4c1a-b993-3b8ec76f78c6" resultType="DataDrivenTest">
      <Counters error="0" failed="0" timeout="0" aborted="0" inconclusive="0" passedButRunAborted="0" notRunnable="0" notExecuted="0" disconnected="0" warning="0" passed="3" completed="0" inProgress="0" pending="0" />
      <InnerResults>
        <UnitTestResult executionId="3d8658d1-27c5-460c-b820-c3cb7507fc08" parentExecutionId="33698fba-9abc-4c1a-b993-3b8ec76f78c6" testId="e540a699-583b-2455-7765-19288451c9f3" testName="GetPoolByEmpleadoTest" computerName="WXP_FGAMEZ" duration="00:00:00.0221341" startTime="2013-12-03T12:30:22.2656623-06:00" endTime="2013-12-03T12:30:22.2812637-06:00" testType="13cdc9d9-ddb5-4fa4-a97d-d965ccfc6d4b" outcome="Passed" testListId="8c84fa94-04c1-424b-9868-57a2d4851a1d" relativeResultsDirectory="33698fba-9abc-4c1a-b993-3b8ec76f78c6" dataRowInfo="0" resultType="DataDrivenDataRow" />
        <UnitTestResult executionId="15c26980-dd8d-47ba-98ee-4623abc3d7d4" parentExecutionId="33698fba-9abc-4c1a-b993-3b8ec76f78c6" testId="e540a699-583b-2455-7765-19288451c9f3" testName="GetPoolByEmpleadoTest" computerName="WXP_FGAMEZ" duration="00:00:00.0239026" startTime="2013-12-03T12:30:22.2812637-06:00" endTime="2013-12-03T12:30:22.3124665-06:00" testType="13cdc9d9-ddb5-4fa4-a97d-d965ccfc6d4b" outcome="Passed" testListId="8c84fa94-04c1-424b-9868-57a2d4851a1d" relativeResultsDirectory="33698fba-9abc-4c1a-b993-3b8ec76f78c6" dataRowInfo="1" resultType="DataDrivenDataRow" />
        <UnitTestResult executionId="2346c2a3-c62f-48f4-b7d5-10e6b2870347" parentExecutionId="33698fba-9abc-4c1a-b993-3b8ec76f78c6" testId="e540a699-583b-2455-7765-19288451c9f3" testName="GetPoolByEmpleadoTest" computerName="WXP_FGAMEZ" duration="00:00:00.0194449" startTime="2013-12-03T12:30:22.3124665-06:00" endTime="2013-12-03T12:30:22.3280679-06:00" testType="13cdc9d9-ddb5-4fa4-a97d-d965ccfc6d4b" outcome="Passed" testListId="8c84fa94-04c1-424b-9868-57a2d4851a1d" relativeResultsDirectory="33698fba-9abc-4c1a-b993-3b8ec76f78c6" dataRowInfo="2" resultType="DataDrivenDataRow" />
      </InnerResults>
    </UnitTestResult>
    <UnitTestResult executionId="5fde0b1d-5ce2-421c-acf9-54ff9ccae3ac" testId="eae61f69-2eb7-9fe3-d09d-1716cabaf372" testName="EstadosTurnoTest" computerName="WXP_FGAMEZ" duration="00:00:00.0010591" startTime="2013-12-03T12:30:22.3436693-06:00" endTime="2013-12-03T12:30:22.3436693-06:00" testType="13cdc9d9-ddb5-4fa4-a97d-d965ccfc6d4b" outcome="Passed" testListId="8c84fa94-04c1-424b-9868-57a2d4851a1d" relativeResultsDirectory="5fde0b1d-5ce2-421c-acf9-54ff9ccae3ac">
    </UnitTestResult>
    <UnitTestResult executionId="b6496fcd-471f-4dbd-9351-c361a6c18cd4" testId="f0a4dff6-07c1-8a4a-7246-60c5f2c1511b" testName="GetPoolByUnidadTest" computerName="WXP_FGAMEZ" duration="00:00:00.0549314" startTime="2013-12-03T12:30:22.3436693-06:00" endTime="2013-12-03T12:30:22.4216763-06:00" testType="13cdc9d9-ddb5-4fa4-a97d-d965ccfc6d4b" outcome="Passed" testListId="8c84fa94-04c1-424b-9868-57a2d4851a1d" relativeResultsDirectory="b6496fcd-471f-4dbd-9351-c361a6c18cd4" resultType="DataDrivenTest">
      <Counters error="0" failed="0" timeout="0" aborted="0" inconclusive="0" passedButRunAborted="0" notRunnable="0" notExecuted="0" disconnected="0" warning="0" passed="3" completed="0" inProgress="0" pending="0" />
      <InnerResults>
        <UnitTestResult executionId="3531580c-5e73-4ed0-b654-97bf976a9793" parentExecutionId="b6496fcd-471f-4dbd-9351-c361a6c18cd4" testId="f0a4dff6-07c1-8a4a-7246-60c5f2c1511b" testName="GetPoolByUnidadTest" computerName="WXP_FGAMEZ" duration="00:00:00.0144259" startTime="2013-12-03T12:30:22.3592707-06:00" endTime="2013-12-03T12:30:22.3748721-06:00" testType="13cdc9d9-ddb5-4fa4-a97d-d965ccfc6d4b" outcome="Passed" testListId="8c84fa94-04c1-424b-9868-57a2d4851a1d" relativeResultsDirectory="b6496fcd-471f-4dbd-9351-c361a6c18cd4" dataRowInfo="0" resultType="DataDrivenDataRow" />
        <UnitTestResult executionId="da01df5b-9800-470d-95b6-a56aad21d6b7" parentExecutionId="b6496fcd-471f-4dbd-9351-c361a6c18cd4" testId="f0a4dff6-07c1-8a4a-7246-60c5f2c1511b" testName="GetPoolByUnidadTest" computerName="WXP_FGAMEZ" duration="00:00:00.0197419" startTime="2013-12-03T12:30:22.3748721-06:00" endTime="2013-12-03T12:30:22.3904735-06:00" testType="13cdc9d9-ddb5-4fa4-a97d-d965ccfc6d4b" outcome="Passed" testListId="8c84fa94-04c1-424b-9868-57a2d4851a1d" relativeResultsDirectory="b6496fcd-471f-4dbd-9351-c361a6c18cd4" dataRowInfo="1" resultType="DataDrivenDataRow" />
        <UnitTestResult executionId="3ca92108-14ab-4620-b7fb-cee2bfe64b2f" parentExecutionId="b6496fcd-471f-4dbd-9351-c361a6c18cd4" testId="f0a4dff6-07c1-8a4a-7246-60c5f2c1511b" testName="GetPoolByUnidadTest" computerName="WXP_FGAMEZ" duration="00:00:00.0190993" startTime="2013-12-03T12:30:22.3904735-06:00" endTime="2013-12-03T12:30:22.4060749-06:00" testType="13cdc9d9-ddb5-4fa4-a97d-d965ccfc6d4b" outcome="Passed" testListId="8c84fa94-04c1-424b-9868-57a2d4851a1d" relativeResultsDirectory="b6496fcd-471f-4dbd-9351-c361a6c18cd4" dataRowInfo="2" resultType="DataDrivenDataRow" />
      </InnerResults>
    </UnitTestResult>
    <UnitTestResult executionId="8dcb8b7c-bf7e-4c39-8a26-fbc5047564c1" testId="f8da9d3c-2f2c-1667-e8aa-8de1426e468c" testName="GetUnidadesNegocioTest" computerName="WXP_FGAMEZ" duration="00:00:00.0059876" startTime="2013-12-03T12:30:22.4216763-06:00" endTime="2013-12-03T12:30:22.4996833-06:00" testType="13cdc9d9-ddb5-4fa4-a97d-d965ccfc6d4b" outcome="Passed" testListId="8c84fa94-04c1-424b-9868-57a2d4851a1d" relativeResultsDirectory="8dcb8b7c-bf7e-4c39-8a26-fbc5047564c1">
    </UnitTestResult>
  </Results>
</TestRun>