<?xml version="1.0" encoding="UTF-8"?>
<TestRun id="a67ecccd-6bf0-4ae2-ae3d-429c04439e77" name="B859390@WXP_FGAMEZ 2013-12-03 16:44:52" runUser="BANCOAZTECA\B859390" xmlns="http://microsoft.com/schemas/VisualStudio/TeamTest/2010">
  <TestSettings name="Local" id="de653c0a-5f0b-4dcc-aa03-7cc115229a2f">
    <Description>Esta es la configuración de pruebas predeterminada para una ejecución de pruebas local.</Description>
    <Deployment enabled="false" runDeploymentRoot="B859390_WXP_FGAMEZ 2013-12-03 16_44_52">
      <DeploymentItem filename="C:\gfb\distribuciones\Spring.NET\bin\net\3.5\release\Spring.Data.dll" />
      <DeploymentItem filename="C:\gfb\workspaces\networkspace\CjCRBAZCommons\CjCRBAZCommons\bin\Debug\Baz.Caja.Commons.dll" />
      <DeploymentItem filename="C:\gfb\distribuciones\Spring.NET\bin\net\3.5\release\Spring.Aop.dll" />
      <DeploymentItem filename="C:\gfb\distribuciones\Spring.NET\bin\net\3.5\release\Spring.Core.dll" />
      <DeploymentItem filename="C:\gfb\distribuciones\Spring.NET\bin\net\3.5\release\Common.Logging.dll" />
      <DeploymentItem filename="C:\gfb\workspaces\networkspace\CjCRTurnador\CjCRTurnador\bin\Baz.Caja.Turnador.dll" />
    </Deployment>
    <Execution>
      <TestTypeSpecific />
      <AgentRule name="Execution Agents">
      </AgentRule>
    </Execution>
  </TestSettings>
  <Times creation="2013-12-03T16:44:52.0674119-06:00" queuing="2013-12-03T16:44:52.0830148-06:00" start="2013-12-03T16:44:52.0986177-06:00" finish="2013-12-03T16:45:03.2078825-06:00" />
  <ResultSummary outcome="Failed">
    <Counters total="42" executed="42" passed="38" error="0" failed="4" timeout="0" aborted="0" inconclusive="0" passedButRunAborted="0" notRunnable="0" notExecuted="0" disconnected="0" warning="0" completed="0" inProgress="0" pending="0" />
    <Output>
      <DebugTrace>no configuration section &lt;common/logging&gt; found - suppressing logging output
</DebugTrace>
    </Output>
  </ResultSummary>
  <TestDefinitions>
    <UnitTest name="GetPoolByUnidadTest" storage="c:\gfb\workspaces\networkspace\cjcrturnador\cjcrturnadortest\bin\debug\baz.caja.turnador.test.dll" id="f0a4dff6-07c1-8a4a-7246-60c5f2c1511b">
      <Execution id="a324da2b-d481-4c33-a239-8ce723a600a3" />
      <TestMethod codeBase="C:/gfb/workspaces/networkspace/CjCRTurnador/CjCRTurnadorTest/bin/Debug/Baz.Caja.Turnador.Test.DLL" adapterTypeName="Microsoft.VisualStudio.TestTools.TestTypes.Unit.UnitTestAdapter, Microsoft.VisualStudio.QualityTools.Tips.UnitTest.Adapter, Version=10.0.0.0, Culture=neutral, PublicKeyToken=b03f5f7f11d50a3a" className="Baz.Caja.Turnador.Test.Dao.CjCRPoolFlowTest, Baz.Caja.Turnador.Test, Version=1.0.0.0, Culture=neutral, PublicKeyToken=null" name="GetPoolByUnidadTest" />
      <DataSource connectionString="|DataDirectory|\resource\datasource\TurnoTest.xml" providerInvariantName="Microsoft.VisualStudio.TestTools.DataSource.XML" tableName="entrada" />
    </UnitTest>
    <UnitTest name="GetTurnosEstadoTest" storage="c:\gfb\workspaces\networkspace\cjcrturnador\cjcrturnadortest\bin\debug\baz.caja.turnador.test.dll" id="1eeb7481-bb91-3042-3109-6a118a66a4a5">
      <Execution id="956f7efa-b3d0-4d97-82de-e9221462a44f" />
      <TestMethod codeBase="C:/gfb/workspaces/networkspace/CjCRTurnador/CjCRTurnadorTest/bin/Debug/Baz.Caja.Turnador.Test.DLL" adapterTypeName="Microsoft.VisualStudio.TestTools.TestTypes.Unit.UnitTestAdapter, Microsoft.VisualStudio.QualityTools.Tips.UnitTest.Adapter, Version=10.0.0.0, Culture=neutral, PublicKeyToken=b03f5f7f11d50a3a" className="Baz.Caja.Turnador.Test.Dao.CjCRTurnosFlowBasicTest, Baz.Caja.Turnador.Test, Version=1.0.0.0, Culture=neutral, PublicKeyToken=null" name="GetTurnosEstadoTest" />
      <DataSource connectionString="|DataDirectory|\resource\datasource\TurnoTest.xml" providerInvariantName="Microsoft.VisualStudio.TestTools.DataSource.XML" tableName="entrada" />
    </UnitTest>
    <UnitTest name="EstadosTurnoTest" storage="c:\gfb\workspaces\networkspace\cjcrturnador\cjcrturnadortest\bin\debug\baz.caja.turnador.test.dll" id="eae61f69-2eb7-9fe3-d09d-1716cabaf372">
      <Execution id="62811c9b-8412-4ee1-a4a3-f11c5b99d8b7" />
      <TestMethod codeBase="C:/gfb/workspaces/networkspace/CjCRTurnador/CjCRTurnadorTest/bin/Debug/Baz.Caja.Turnador.Test.DLL" adapterTypeName="Microsoft.VisualStudio.TestTools.TestTypes.Unit.UnitTestAdapter, Microsoft.VisualStudio.QualityTools.Tips.UnitTest.Adapter, Version=10.0.0.0, Culture=neutral, PublicKeyToken=b03f5f7f11d50a3a" className="Baz.Caja.Turnador.Test.Support.CjCRAppConfigTest, Baz.Caja.Turnador.Test, Version=1.0.0.0, Culture=neutral, PublicKeyToken=null" name="EstadosTurnoTest" />
    </UnitTest>
    <UnitTest name="GetPoolByEmpleadoTest" storage="c:\gfb\workspaces\networkspace\cjcrturnador\cjcrturnadortest\bin\debug\baz.caja.turnador.test.dll" id="e540a699-583b-2455-7765-19288451c9f3">
      <Execution id="30740787-0967-4b59-9a00-223c5b65bd27" />
      <TestMethod codeBase="C:/gfb/workspaces/networkspace/CjCRTurnador/CjCRTurnadorTest/bin/Debug/Baz.Caja.Turnador.Test.DLL" adapterTypeName="Microsoft.VisualStudio.TestTools.TestTypes.Unit.UnitTestAdapter, Microsoft.VisualStudio.QualityTools.Tips.UnitTest.Adapter, Version=10.0.0.0, Culture=neutral, PublicKeyToken=b03f5f7f11d50a3a" className="Baz.Caja.Turnador.Test.Dao.CjCRPoolFlowTest, Baz.Caja.Turnador.Test, Version=1.0.0.0, Culture=neutral, PublicKeyToken=null" name="GetPoolByEmpleadoTest" />
      <DataSource connectionString="|DataDirectory|\resource\datasource\TurnoTest.xml" providerInvariantName="Microsoft.VisualStudio.TestTools.DataSource.XML" tableName="entrada" />
    </UnitTest>
    <UnitTest name="GetUnidadesNegocioTest" storage="c:\gfb\workspaces\networkspace\cjcrturnador\cjcrturnadortest\bin\debug\baz.caja.turnador.test.dll" id="f8da9d3c-2f2c-1667-e8aa-8de1426e468c">
      <Execution id="a2518436-f8fd-464f-bce6-28c7d18c90ac" />
      <TestMethod codeBase="C:/gfb/workspaces/networkspace/CjCRTurnador/CjCRTurnadorTest/bin/Debug/Baz.Caja.Turnador.Test.DLL" adapterTypeName="Microsoft.VisualStudio.TestTools.TestTypes.Unit.UnitTestAdapter, Microsoft.VisualStudio.QualityTools.Tips.UnitTest.Adapter, Version=10.0.0.0, Culture=neutral, PublicKeyToken=b03f5f7f11d50a3a" className="Baz.Caja.Turnador.Test.Dao.CjCRNegocioFlowTest, Baz.Caja.Turnador.Test, Version=1.0.0.0, Culture=neutral, PublicKeyToken=null" name="GetUnidadesNegocioTest" />
    </UnitTest>
    <UnitTest name="SetEstadoAtencionTest" storage="c:\gfb\workspaces\networkspace\cjcrturnador\cjcrturnadortest\bin\debug\baz.caja.turnador.test.dll" id="36ae9b7d-958f-936a-5c3a-04b1c9114208">
      <Execution id="40f751af-10a2-4ae8-9697-6b8eb204c01b" />
      <TestMethod codeBase="C:/gfb/workspaces/networkspace/CjCRTurnador/CjCRTurnadorTest/bin/Debug/Baz.Caja.Turnador.Test.DLL" adapterTypeName="Microsoft.VisualStudio.TestTools.TestTypes.Unit.UnitTestAdapter, Microsoft.VisualStudio.QualityTools.Tips.UnitTest.Adapter, Version=10.0.0.0, Culture=neutral, PublicKeyToken=b03f5f7f11d50a3a" className="Baz.Caja.Turnador.Test.Dao.CjCRPoolFlowTest, Baz.Caja.Turnador.Test, Version=1.0.0.0, Culture=neutral, PublicKeyToken=null" name="SetEstadoAtencionTest" />
      <DataSource connectionString="|DataDirectory|\resource\datasource\EmpleadoPoolTest.xml" providerInvariantName="Microsoft.VisualStudio.TestTools.DataSource.XML" tableName="entrada" />
    </UnitTest>
    <UnitTest name="GenerarTurnoTest" storage="c:\gfb\workspaces\networkspace\cjcrturnador\cjcrturnadortest\bin\debug\baz.caja.turnador.test.dll" id="d1c41f63-d499-728a-a98d-050f8bc01c5d">
      <Execution id="51318dd7-5cf0-4eff-bf94-3dd2d3c215ad" />
      <TestMethod codeBase="C:/gfb/workspaces/networkspace/CjCRTurnador/CjCRTurnadorTest/bin/Debug/Baz.Caja.Turnador.Test.DLL" adapterTypeName="Microsoft.VisualStudio.TestTools.TestTypes.Unit.UnitTestAdapter, Microsoft.VisualStudio.QualityTools.Tips.UnitTest.Adapter, Version=10.0.0.0, Culture=neutral, PublicKeyToken=b03f5f7f11d50a3a" className="Baz.Caja.Turnador.Test.Dao.CjCRTurnosFlowBasicTest, Baz.Caja.Turnador.Test, Version=1.0.0.0, Culture=neutral, PublicKeyToken=null" name="GenerarTurnoTest" />
      <DataSource connectionString="|DataDirectory|\resource\datasource\TurnoTest.xml" providerInvariantName="Microsoft.VisualStudio.TestTools.DataSource.XML" tableName="entrada" />
    </UnitTest>
    <UnitTest name="GetPoolAtencionTest" storage="c:\gfb\workspaces\networkspace\cjcrturnador\cjcrturnadortest\bin\debug\baz.caja.turnador.test.dll" id="721667a8-c11d-80ba-9f50-486538293871">
      <Execution id="f1af4e9c-5c7d-4663-aade-4e5cb5509159" />
      <TestMethod codeBase="C:/gfb/workspaces/networkspace/CjCRTurnador/CjCRTurnadorTest/bin/Debug/Baz.Caja.Turnador.Test.DLL" adapterTypeName="Microsoft.VisualStudio.TestTools.TestTypes.Unit.UnitTestAdapter, Microsoft.VisualStudio.QualityTools.Tips.UnitTest.Adapter, Version=10.0.0.0, Culture=neutral, PublicKeyToken=b03f5f7f11d50a3a" className="Baz.Caja.Turnador.Test.Dao.CjCRPoolFlowTest, Baz.Caja.Turnador.Test, Version=1.0.0.0, Culture=neutral, PublicKeyToken=null" name="GetPoolAtencionTest" />
      <DataSource connectionString="|DataDirectory|\resource\datasource\TurnoTest.xml" providerInvariantName="Microsoft.VisualStudio.TestTools.DataSource.XML" tableName="entrada" />
    </UnitTest>
    <UnitTest name="CaducarTurnosTest" storage="c:\gfb\workspaces\networkspace\cjcrturnador\cjcrturnadortest\bin\debug\baz.caja.turnador.test.dll" id="6e4a5a24-66a3-0a73-680d-c3070b22447e">
      <Execution id="76278073-18b9-4c02-b413-078e5fd173a8" />
      <TestMethod codeBase="C:/gfb/workspaces/networkspace/CjCRTurnador/CjCRTurnadorTest/bin/Debug/Baz.Caja.Turnador.Test.DLL" adapterTypeName="Microsoft.VisualStudio.TestTools.TestTypes.Unit.UnitTestAdapter, Microsoft.VisualStudio.QualityTools.Tips.UnitTest.Adapter, Version=10.0.0.0, Culture=neutral, PublicKeyToken=b03f5f7f11d50a3a" className="Baz.Caja.Turnador.Test.Dao.CjCRTurnosFlowAlternativeTest, Baz.Caja.Turnador.Test, Version=1.0.0.0, Culture=neutral, PublicKeyToken=null" name="CaducarTurnosTest" />
      <DataSource connectionString="|DataDirectory|\resource\datasource\TurnoTest.xml" providerInvariantName="Microsoft.VisualStudio.TestTools.DataSource.XML" tableName="entrada" />
    </UnitTest>
    <UnitTest name="AtencionTurnoTest" storage="c:\gfb\workspaces\networkspace\cjcrturnador\cjcrturnadortest\bin\debug\baz.caja.turnador.test.dll" id="1188d32c-bbab-11d9-6b58-83f385a626bd">
      <Execution id="4d706a60-b2e2-4906-a25e-dc095b949445" />
      <TestMethod codeBase="C:/gfb/workspaces/networkspace/CjCRTurnador/CjCRTurnadorTest/bin/Debug/Baz.Caja.Turnador.Test.DLL" adapterTypeName="Microsoft.VisualStudio.TestTools.TestTypes.Unit.UnitTestAdapter, Microsoft.VisualStudio.QualityTools.Tips.UnitTest.Adapter, Version=10.0.0.0, Culture=neutral, PublicKeyToken=b03f5f7f11d50a3a" className="Baz.Caja.Turnador.Test.Dao.CjCRTurnosFlowBasicTest, Baz.Caja.Turnador.Test, Version=1.0.0.0, Culture=neutral, PublicKeyToken=null" name="AtencionTurnoTest" />
      <DataSource connectionString="|DataDirectory|\resource\datasource\TurnoTest.xml" providerInvariantName="Microsoft.VisualStudio.TestTools.DataSource.XML" tableName="entrada" />
    </UnitTest>
    <UnitTest name="GetTurnosAsignadosTest" storage="c:\gfb\workspaces\networkspace\cjcrturnador\cjcrturnadortest\bin\debug\baz.caja.turnador.test.dll" id="3c4e1def-8c38-85ec-f4a5-4de3a4e745d9">
      <Execution id="cb63bc7c-7c45-491c-8241-e597136931fc" />
      <TestMethod codeBase="C:/gfb/workspaces/networkspace/CjCRTurnador/CjCRTurnadorTest/bin/Debug/Baz.Caja.Turnador.Test.DLL" adapterTypeName="Microsoft.VisualStudio.TestTools.TestTypes.Unit.UnitTestAdapter, Microsoft.VisualStudio.QualityTools.Tips.UnitTest.Adapter, Version=10.0.0.0, Culture=neutral, PublicKeyToken=b03f5f7f11d50a3a" className="Baz.Caja.Turnador.Test.Dao.CjCRTurnosFlowBasicTest, Baz.Caja.Turnador.Test, Version=1.0.0.0, Culture=neutral, PublicKeyToken=null" name="GetTurnosAsignadosTest" />
      <DataSource connectionString="|DataDirectory|\resource\datasource\TurnoTest.xml" providerInvariantName="Microsoft.VisualStudio.TestTools.DataSource.XML" tableName="entrada" />
    </UnitTest>
    <UnitTest name="EstadosAtencionTest" storage="c:\gfb\workspaces\networkspace\cjcrturnador\cjcrturnadortest\bin\debug\baz.caja.turnador.test.dll" id="93e83332-6444-3110-f73c-ac820af4dbad">
      <Execution id="eff05317-2632-4dc3-a1a1-640ed6de008c" />
      <TestMethod codeBase="C:/gfb/workspaces/networkspace/CjCRTurnador/CjCRTurnadorTest/bin/Debug/Baz.Caja.Turnador.Test.DLL" adapterTypeName="Microsoft.VisualStudio.TestTools.TestTypes.Unit.UnitTestAdapter, Microsoft.VisualStudio.QualityTools.Tips.UnitTest.Adapter, Version=10.0.0.0, Culture=neutral, PublicKeyToken=b03f5f7f11d50a3a" className="Baz.Caja.Turnador.Test.Support.CjCRAppConfigTest, Baz.Caja.Turnador.Test, Version=1.0.0.0, Culture=neutral, PublicKeyToken=null" name="EstadosAtencionTest" />
    </UnitTest>
  </TestDefinitions>
  <TestLists>
    <TestList name="Resultados que no están en la lista" id="8c84fa94-04c1-424b-9868-57a2d4851a1d" />
    <TestList name="Todos los resultados cargados" id="19431567-8539-422a-85d7-44ee4e166bda" />
  </TestLists>
  <TestEntries>
    <TestEntry testId="1188d32c-bbab-11d9-6b58-83f385a626bd" executionId="4d706a60-b2e2-4906-a25e-dc095b949445" testListId="8c84fa94-04c1-424b-9868-57a2d4851a1d" />
    <TestEntry testId="1eeb7481-bb91-3042-3109-6a118a66a4a5" executionId="956f7efa-b3d0-4d97-82de-e9221462a44f" testListId="8c84fa94-04c1-424b-9868-57a2d4851a1d" />
    <TestEntry testId="36ae9b7d-958f-936a-5c3a-04b1c9114208" executionId="40f751af-10a2-4ae8-9697-6b8eb204c01b" testListId="8c84fa94-04c1-424b-9868-57a2d4851a1d" />
    <TestEntry testId="3c4e1def-8c38-85ec-f4a5-4de3a4e745d9" executionId="cb63bc7c-7c45-491c-8241-e597136931fc" testListId="8c84fa94-04c1-424b-9868-57a2d4851a1d" />
    <TestEntry testId="6e4a5a24-66a3-0a73-680d-c3070b22447e" executionId="76278073-18b9-4c02-b413-078e5fd173a8" testListId="8c84fa94-04c1-424b-9868-57a2d4851a1d" />
    <TestEntry testId="721667a8-c11d-80ba-9f50-486538293871" executionId="f1af4e9c-5c7d-4663-aade-4e5cb5509159" testListId="8c84fa94-04c1-424b-9868-57a2d4851a1d" />
    <TestEntry testId="93e83332-6444-3110-f73c-ac820af4dbad" executionId="eff05317-2632-4dc3-a1a1-640ed6de008c" testListId="8c84fa94-04c1-424b-9868-57a2d4851a1d" />
    <TestEntry testId="d1c41f63-d499-728a-a98d-050f8bc01c5d" executionId="51318dd7-5cf0-4eff-bf94-3dd2d3c215ad" testListId="8c84fa94-04c1-424b-9868-57a2d4851a1d" />
    <TestEntry testId="e540a699-583b-2455-7765-19288451c9f3" executionId="30740787-0967-4b59-9a00-223c5b65bd27" testListId="8c84fa94-04c1-424b-9868-57a2d4851a1d" />
    <TestEntry testId="eae61f69-2eb7-9fe3-d09d-1716cabaf372" executionId="62811c9b-8412-4ee1-a4a3-f11c5b99d8b7" testListId="8c84fa94-04c1-424b-9868-57a2d4851a1d" />
    <TestEntry testId="f0a4dff6-07c1-8a4a-7246-60c5f2c1511b" executionId="a324da2b-d481-4c33-a239-8ce723a600a3" testListId="8c84fa94-04c1-424b-9868-57a2d4851a1d" />
    <TestEntry testId="f8da9d3c-2f2c-1667-e8aa-8de1426e468c" executionId="a2518436-f8fd-464f-bce6-28c7d18c90ac" testListId="8c84fa94-04c1-424b-9868-57a2d4851a1d" />
  </TestEntries>
  <Results>
    <UnitTestResult executionId="4d706a60-b2e2-4906-a25e-dc095b949445" testId="1188d32c-bbab-11d9-6b58-83f385a626bd" testName="AtencionTurnoTest" computerName="WXP_FGAMEZ" duration="00:00:04.7847531" startTime="2013-12-03T16:44:52.0986177-06:00" endTime="2013-12-03T16:44:57.7936762-06:00" testType="13cdc9d9-ddb5-4fa4-a97d-d965ccfc6d4b" outcome="Passed" testListId="8c84fa94-04c1-424b-9868-57a2d4851a1d" relativeResultsDirectory="4d706a60-b2e2-4906-a25e-dc095b949445" resultType="DataDrivenTest">
      <Counters error="0" failed="0" timeout="0" aborted="0" inconclusive="0" passedButRunAborted="0" notRunnable="0" notExecuted="0" disconnected="0" warning="0" passed="3" completed="0" inProgress="0" pending="0" />
      <InnerResults>
        <UnitTestResult executionId="2a46b274-b427-4c7b-86a6-5de285ec677a" parentExecutionId="4d706a60-b2e2-4906-a25e-dc095b949445" testId="1188d32c-bbab-11d9-6b58-83f385a626bd" testName="AtencionTurnoTest" computerName="WXP_FGAMEZ" duration="00:00:01.6285653" startTime="2013-12-03T16:44:53.0035859-06:00" endTime="2013-12-03T16:44:54.6262875-06:00" testType="13cdc9d9-ddb5-4fa4-a97d-d965ccfc6d4b" outcome="Passed" testListId="8c84fa94-04c1-424b-9868-57a2d4851a1d" relativeResultsDirectory="4d706a60-b2e2-4906-a25e-dc095b949445" dataRowInfo="0" resultType="DataDrivenDataRow" />
        <UnitTestResult executionId="959499b4-4fe5-48eb-bb05-c347934e933a" parentExecutionId="4d706a60-b2e2-4906-a25e-dc095b949445" testId="1188d32c-bbab-11d9-6b58-83f385a626bd" testName="AtencionTurnoTest" computerName="WXP_FGAMEZ" duration="00:00:01.5614721" startTime="2013-12-03T16:44:54.6262875-06:00" endTime="2013-12-03T16:44:56.1865775-06:00" testType="13cdc9d9-ddb5-4fa4-a97d-d965ccfc6d4b" outcome="Passed" testListId="8c84fa94-04c1-424b-9868-57a2d4851a1d" relativeResultsDirectory="4d706a60-b2e2-4906-a25e-dc095b949445" dataRowInfo="1" resultType="DataDrivenDataRow" />
        <UnitTestResult executionId="79d84077-4855-4662-86e4-b8cab2ae58cb" parentExecutionId="4d706a60-b2e2-4906-a25e-dc095b949445" testId="1188d32c-bbab-11d9-6b58-83f385a626bd" testName="AtencionTurnoTest" computerName="WXP_FGAMEZ" duration="00:00:01.5774847" startTime="2013-12-03T16:44:56.1865775-06:00" endTime="2013-12-03T16:44:57.7624704-06:00" testType="13cdc9d9-ddb5-4fa4-a97d-d965ccfc6d4b" outcome="Passed" testListId="8c84fa94-04c1-424b-9868-57a2d4851a1d" relativeResultsDirectory="4d706a60-b2e2-4906-a25e-dc095b949445" dataRowInfo="2" resultType="DataDrivenDataRow" />
      </InnerResults>
    </UnitTestResult>
    <UnitTestResult executionId="956f7efa-b3d0-4d97-82de-e9221462a44f" testId="1eeb7481-bb91-3042-3109-6a118a66a4a5" testName="GetTurnosEstadoTest" computerName="WXP_FGAMEZ" duration="00:00:00.0556125" startTime="2013-12-03T16:44:57.7936762-06:00" endTime="2013-12-03T16:44:57.8560878-06:00" testType="13cdc9d9-ddb5-4fa4-a97d-d965ccfc6d4b" outcome="Passed" testListId="8c84fa94-04c1-424b-9868-57a2d4851a1d" relativeResultsDirectory="956f7efa-b3d0-4d97-82de-e9221462a44f" resultType="DataDrivenTest">
      <Counters error="0" failed="0" timeout="0" aborted="0" inconclusive="0" passedButRunAborted="0" notRunnable="0" notExecuted="0" disconnected="0" warning="0" passed="3" completed="0" inProgress="0" pending="0" />
      <InnerResults>
        <UnitTestResult executionId="e278455e-f3a5-4bc0-bdc5-194596ce5c9b" parentExecutionId="956f7efa-b3d0-4d97-82de-e9221462a44f" testId="1eeb7481-bb91-3042-3109-6a118a66a4a5" testName="GetTurnosEstadoTest" computerName="WXP_FGAMEZ" duration="00:00:00.0264552" startTime="2013-12-03T16:44:57.7936762-06:00" endTime="2013-12-03T16:44:57.8248820-06:00" testType="13cdc9d9-ddb5-4fa4-a97d-d965ccfc6d4b" outcome="Passed" testListId="8c84fa94-04c1-424b-9868-57a2d4851a1d" relativeResultsDirectory="956f7efa-b3d0-4d97-82de-e9221462a44f" dataRowInfo="0" resultType="DataDrivenDataRow" />
        <UnitTestResult executionId="3a17e0cd-e756-4924-ba20-404baefc559e" parentExecutionId="956f7efa-b3d0-4d97-82de-e9221462a44f" testId="1eeb7481-bb91-3042-3109-6a118a66a4a5" testName="GetTurnosEstadoTest" computerName="WXP_FGAMEZ" duration="00:00:00.0109947" startTime="2013-12-03T16:44:57.8248820-06:00" endTime="2013-12-03T16:44:57.8248820-06:00" testType="13cdc9d9-ddb5-4fa4-a97d-d965ccfc6d4b" outcome="Passed" testListId="8c84fa94-04c1-424b-9868-57a2d4851a1d" relativeResultsDirectory="956f7efa-b3d0-4d97-82de-e9221462a44f" dataRowInfo="1" resultType="DataDrivenDataRow" />
        <UnitTestResult executionId="a3074749-bff4-44be-b4e4-557da11a973d" parentExecutionId="956f7efa-b3d0-4d97-82de-e9221462a44f" testId="1eeb7481-bb91-3042-3109-6a118a66a4a5" testName="GetTurnosEstadoTest" computerName="WXP_FGAMEZ" duration="00:00:00.0153992" startTime="2013-12-03T16:44:57.8248820-06:00" endTime="2013-12-03T16:44:57.8404849-06:00" testType="13cdc9d9-ddb5-4fa4-a97d-d965ccfc6d4b" outcome="Passed" testListId="8c84fa94-04c1-424b-9868-57a2d4851a1d" relativeResultsDirectory="956f7efa-b3d0-4d97-82de-e9221462a44f" dataRowInfo="2" resultType="DataDrivenDataRow" />
      </InnerResults>
    </UnitTestResult>
    <UnitTestResult executionId="40f751af-10a2-4ae8-9697-6b8eb204c01b" testId="36ae9b7d-958f-936a-5c3a-04b1c9114208" testName="SetEstadoAtencionTest" computerName="WXP_FGAMEZ" duration="00:00:00.0361833" startTime="2013-12-03T16:44:57.8560878-06:00" endTime="2013-12-03T16:44:57.9653081-06:00" testType="13cdc9d9-ddb5-4fa4-a97d-d965ccfc6d4b" outcome="Passed" testListId="8c84fa94-04c1-424b-9868-57a2d4851a1d" relativeResultsDirectory="40f751af-10a2-4ae8-9697-6b8eb204c01b" resultType="DataDrivenTest">
      <Counters error="0" failed="0" timeout="0" aborted="0" inconclusive="0" passedButRunAborted="0" notRunnable="0" notExecuted="0" disconnected="0" warning="0" passed="6" completed="0" inProgress="0" pending="0" />
      <InnerResults>
        <UnitTestResult executionId="01f83e99-85ed-4946-9962-fadadc8030e3" parentExecutionId="40f751af-10a2-4ae8-9697-6b8eb204c01b" testId="36ae9b7d-958f-936a-5c3a-04b1c9114208" testName="SetEstadoAtencionTest" computerName="WXP_FGAMEZ" duration="00:00:00.0126089" startTime="2013-12-03T16:44:57.9341023-06:00" endTime="2013-12-03T16:44:57.9497052-06:00" testType="13cdc9d9-ddb5-4fa4-a97d-d965ccfc6d4b" outcome="Passed" testListId="8c84fa94-04c1-424b-9868-57a2d4851a1d" relativeResultsDirectory="40f751af-10a2-4ae8-9697-6b8eb204c01b" dataRowInfo="0" resultType="DataDrivenDataRow" />
        <UnitTestResult executionId="277e5108-640a-4ebc-9144-12b6571ca788" parentExecutionId="40f751af-10a2-4ae8-9697-6b8eb204c01b" testId="36ae9b7d-958f-936a-5c3a-04b1c9114208" testName="SetEstadoAtencionTest" computerName="WXP_FGAMEZ" duration="00:00:00.0044905" startTime="2013-12-03T16:44:57.9497052-06:00" endTime="2013-12-03T16:44:57.9497052-06:00" testType="13cdc9d9-ddb5-4fa4-a97d-d965ccfc6d4b" outcome="Passed" testListId="8c84fa94-04c1-424b-9868-57a2d4851a1d" relativeResultsDirectory="40f751af-10a2-4ae8-9697-6b8eb204c01b" dataRowInfo="1" resultType="DataDrivenDataRow" />
        <UnitTestResult executionId="6e5af307-782e-4882-aa08-281dd6f0eee5" parentExecutionId="40f751af-10a2-4ae8-9697-6b8eb204c01b" testId="36ae9b7d-958f-936a-5c3a-04b1c9114208" testName="SetEstadoAtencionTest" computerName="WXP_FGAMEZ" duration="00:00:00.0052197" startTime="2013-12-03T16:44:57.9497052-06:00" endTime="2013-12-03T16:44:57.9497052-06:00" testType="13cdc9d9-ddb5-4fa4-a97d-d965ccfc6d4b" outcome="Passed" testListId="8c84fa94-04c1-424b-9868-57a2d4851a1d" relativeResultsDirectory="40f751af-10a2-4ae8-9697-6b8eb204c01b" dataRowInfo="2" resultType="DataDrivenDataRow" />
        <UnitTestResult executionId="28cd2d4c-8f3c-4e93-a075-b6e2bf006190" parentExecutionId="40f751af-10a2-4ae8-9697-6b8eb204c01b" testId="36ae9b7d-958f-936a-5c3a-04b1c9114208" testName="SetEstadoAtencionTest" computerName="WXP_FGAMEZ" duration="00:00:00.0027853" startTime="2013-12-03T16:44:57.9497052-06:00" endTime="2013-12-03T16:44:57.9653081-06:00" testType="13cdc9d9-ddb5-4fa4-a97d-d965ccfc6d4b" outcome="Passed" testListId="8c84fa94-04c1-424b-9868-57a2d4851a1d" relativeResultsDirectory="40f751af-10a2-4ae8-9697-6b8eb204c01b" dataRowInfo="3" resultType="DataDrivenDataRow" />
        <UnitTestResult executionId="ac29909b-3c10-42b4-92d0-1a647db8c237" parentExecutionId="40f751af-10a2-4ae8-9697-6b8eb204c01b" testId="36ae9b7d-958f-936a-5c3a-04b1c9114208" testName="SetEstadoAtencionTest" computerName="WXP_FGAMEZ" duration="00:00:00.0057890" startTime="2013-12-03T16:44:57.9653081-06:00" endTime="2013-12-03T16:44:57.9653081-06:00" testType="13cdc9d9-ddb5-4fa4-a97d-d965ccfc6d4b" outcome="Passed" testListId="8c84fa94-04c1-424b-9868-57a2d4851a1d" relativeResultsDirectory="40f751af-10a2-4ae8-9697-6b8eb204c01b" dataRowInfo="4" resultType="DataDrivenDataRow" />
        <UnitTestResult executionId="1233e8ce-4f35-40a5-a1c7-2e029ff29957" parentExecutionId="40f751af-10a2-4ae8-9697-6b8eb204c01b" testId="36ae9b7d-958f-936a-5c3a-04b1c9114208" testName="SetEstadoAtencionTest" computerName="WXP_FGAMEZ" duration="00:00:00.0021016" startTime="2013-12-03T16:44:57.9653081-06:00" endTime="2013-12-03T16:44:57.9653081-06:00" testType="13cdc9d9-ddb5-4fa4-a97d-d965ccfc6d4b" outcome="Passed" testListId="8c84fa94-04c1-424b-9868-57a2d4851a1d" relativeResultsDirectory="40f751af-10a2-4ae8-9697-6b8eb204c01b" dataRowInfo="5" resultType="DataDrivenDataRow" />
      </InnerResults>
    </UnitTestResult>
    <UnitTestResult executionId="cb63bc7c-7c45-491c-8241-e597136931fc" testId="3c4e1def-8c38-85ec-f4a5-4de3a4e745d9" testName="GetTurnosAsignadosTest" computerName="WXP_FGAMEZ" duration="00:00:04.6414899" startTime="2013-12-03T16:44:57.9809110-06:00" endTime="2013-12-03T16:45:02.6305752-06:00" testType="13cdc9d9-ddb5-4fa4-a97d-d965ccfc6d4b" outcome="Passed" testListId="8c84fa94-04c1-424b-9868-57a2d4851a1d" relativeResultsDirectory="cb63bc7c-7c45-491c-8241-e597136931fc" resultType="DataDrivenTest">
      <Counters error="0" failed="0" timeout="0" aborted="0" inconclusive="0" passedButRunAborted="0" notRunnable="0" notExecuted="0" disconnected="0" warning="0" passed="3" completed="0" inProgress="0" pending="0" />
      <InnerResults>
        <UnitTestResult executionId="e2a179a5-c07e-47e4-83cc-691f7a857804" parentExecutionId="cb63bc7c-7c45-491c-8241-e597136931fc" testId="3c4e1def-8c38-85ec-f4a5-4de3a4e745d9" testName="GetTurnosAsignadosTest" computerName="WXP_FGAMEZ" duration="00:00:01.5533591" startTime="2013-12-03T16:44:57.9809110-06:00" endTime="2013-12-03T16:44:59.5412010-06:00" testType="13cdc9d9-ddb5-4fa4-a97d-d965ccfc6d4b" outcome="Passed" testListId="8c84fa94-04c1-424b-9868-57a2d4851a1d" relativeResultsDirectory="cb63bc7c-7c45-491c-8241-e597136931fc" dataRowInfo="0" resultType="DataDrivenDataRow" />
        <UnitTestResult executionId="8c1bb03d-7798-446c-9f6b-102f81ddea18" parentExecutionId="cb63bc7c-7c45-491c-8241-e597136931fc" testId="3c4e1def-8c38-85ec-f4a5-4de3a4e745d9" testName="GetTurnosAsignadosTest" computerName="WXP_FGAMEZ" duration="00:00:01.5533428" startTime="2013-12-03T16:44:59.5412010-06:00" endTime="2013-12-03T16:45:01.0858881-06:00" testType="13cdc9d9-ddb5-4fa4-a97d-d965ccfc6d4b" outcome="Passed" testListId="8c84fa94-04c1-424b-9868-57a2d4851a1d" relativeResultsDirectory="cb63bc7c-7c45-491c-8241-e597136931fc" dataRowInfo="1" resultType="DataDrivenDataRow" />
        <UnitTestResult executionId="a8c6b6fd-ff0c-45fb-9184-867964426aa9" parentExecutionId="cb63bc7c-7c45-491c-8241-e597136931fc" testId="3c4e1def-8c38-85ec-f4a5-4de3a4e745d9" testName="GetTurnosAsignadosTest" computerName="WXP_FGAMEZ" duration="00:00:01.5331837" startTime="2013-12-03T16:45:01.0858881-06:00" endTime="2013-12-03T16:45:02.6149723-06:00" testType="13cdc9d9-ddb5-4fa4-a97d-d965ccfc6d4b" outcome="Passed" testListId="8c84fa94-04c1-424b-9868-57a2d4851a1d" relativeResultsDirectory="cb63bc7c-7c45-491c-8241-e597136931fc" dataRowInfo="2" resultType="DataDrivenDataRow" />
      </InnerResults>
    </UnitTestResult>
    <UnitTestResult executionId="76278073-18b9-4c02-b413-078e5fd173a8" testId="6e4a5a24-66a3-0a73-680d-c3070b22447e" testName="CaducarTurnosTest" computerName="WXP_FGAMEZ" duration="00:00:00.0331316" startTime="2013-12-03T16:45:02.6305752-06:00" endTime="2013-12-03T16:45:02.7710013-06:00" testType="13cdc9d9-ddb5-4fa4-a97d-d965ccfc6d4b" outcome="Failed" testListId="8c84fa94-04c1-424b-9868-57a2d4851a1d" relativeResultsDirectory="76278073-18b9-4c02-b413-078e5fd173a8" resultType="DataDrivenTest">
      <Counters error="0" failed="3" timeout="0" aborted="0" inconclusive="0" passedButRunAborted="0" notRunnable="0" notExecuted="0" disconnected="0" warning="0" passed="0" completed="0" inProgress="0" pending="0" />
      <InnerResults>
        <UnitTestResult executionId="0c8bcd28-0cb9-4379-bd08-a2d3bc3a07d6" parentExecutionId="76278073-18b9-4c02-b413-078e5fd173a8" testId="6e4a5a24-66a3-0a73-680d-c3070b22447e" testName="CaducarTurnosTest" computerName="WXP_FGAMEZ" duration="00:00:00.0249168" startTime="2013-12-03T16:45:02.7241926-06:00" endTime="2013-12-03T16:45:02.7553984-06:00" testType="13cdc9d9-ddb5-4fa4-a97d-d965ccfc6d4b" outcome="Failed" testListId="8c84fa94-04c1-424b-9868-57a2d4851a1d" relativeResultsDirectory="76278073-18b9-4c02-b413-078e5fd173a8" dataRowInfo="0" resultType="DataDrivenDataRow">
          <Output>
            <ErrorInfo>
              <Message>El método de prueba Baz.Caja.Turnador.Test.Dao.CjCRTurnosFlowAlternativeTest.CaducarTurnosTest produjo la excepción: 
System.NullReferenceException: Referencia a objeto no establecida como instancia de un objeto.</Message>
              <StackTrace>    en Baz.Caja.Turnador.Test.Dao.CjCRTurnosFlowAlternativeTest.CaducarTurnosTest() en C:\gfb\workspaces\networkspace\CjCRTurnador\CjCRTurnadorTest\test\logic\CjCRTurnosFlowAlternativeTest.cs:línea 65
</StackTrace>
            </ErrorInfo>
          </Output>
        </UnitTestResult>
        <UnitTestResult executionId="c8e042c0-7c46-4af5-a803-ee377eba349a" parentExecutionId="76278073-18b9-4c02-b413-078e5fd173a8" testId="6e4a5a24-66a3-0a73-680d-c3070b22447e" testName="CaducarTurnosTest" computerName="WXP_FGAMEZ" duration="00:00:00.0027852" startTime="2013-12-03T16:45:02.7553984-06:00" endTime="2013-12-03T16:45:02.7553984-06:00" testType="13cdc9d9-ddb5-4fa4-a97d-d965ccfc6d4b" outcome="Failed" testListId="8c84fa94-04c1-424b-9868-57a2d4851a1d" relativeResultsDirectory="76278073-18b9-4c02-b413-078e5fd173a8" dataRowInfo="1" resultType="DataDrivenDataRow">
          <Output>
            <ErrorInfo>
              <Message>El método de prueba Baz.Caja.Turnador.Test.Dao.CjCRTurnosFlowAlternativeTest.CaducarTurnosTest produjo la excepción: 
System.NullReferenceException: Referencia a objeto no establecida como instancia de un objeto.</Message>
              <StackTrace>    en Baz.Caja.Turnador.Test.Dao.CjCRTurnosFlowAlternativeTest.CaducarTurnosTest() en C:\gfb\workspaces\networkspace\CjCRTurnador\CjCRTurnadorTest\test\logic\CjCRTurnosFlowAlternativeTest.cs:línea 65
</StackTrace>
            </ErrorInfo>
          </Output>
        </UnitTestResult>
        <UnitTestResult executionId="3244f712-ce76-4ada-8cdb-237c4a5a713b" parentExecutionId="76278073-18b9-4c02-b413-078e5fd173a8" testId="6e4a5a24-66a3-0a73-680d-c3070b22447e" testName="CaducarTurnosTest" computerName="WXP_FGAMEZ" duration="00:00:00.0036985" startTime="2013-12-03T16:45:02.7553984-06:00" endTime="2013-12-03T16:45:02.7553984-06:00" testType="13cdc9d9-ddb5-4fa4-a97d-d965ccfc6d4b" outcome="Failed" testListId="8c84fa94-04c1-424b-9868-57a2d4851a1d" relativeResultsDirectory="76278073-18b9-4c02-b413-078e5fd173a8" dataRowInfo="2" resultType="DataDrivenDataRow">
          <Output>
            <ErrorInfo>
              <Message>El método de prueba Baz.Caja.Turnador.Test.Dao.CjCRTurnosFlowAlternativeTest.CaducarTurnosTest produjo la excepción: 
System.NullReferenceException: Referencia a objeto no establecida como instancia de un objeto.</Message>
              <StackTrace>    en Baz.Caja.Turnador.Test.Dao.CjCRTurnosFlowAlternativeTest.CaducarTurnosTest() en C:\gfb\workspaces\networkspace\CjCRTurnador\CjCRTurnadorTest\test\logic\CjCRTurnosFlowAlternativeTest.cs:línea 65
</StackTrace>
            </ErrorInfo>
          </Output>
        </UnitTestResult>
      </InnerResults>
    </UnitTestResult>
    <UnitTestResult executionId="f1af4e9c-5c7d-4663-aade-4e5cb5509159" testId="721667a8-c11d-80ba-9f50-486538293871" testName="GetPoolAtencionTest" computerName="WXP_FGAMEZ" duration="00:00:00.0646495" startTime="2013-12-03T16:45:02.7710013-06:00" endTime="2013-12-03T16:45:02.8646187-06:00" testType="13cdc9d9-ddb5-4fa4-a97d-d965ccfc6d4b" outcome="Passed" testListId="8c84fa94-04c1-424b-9868-57a2d4851a1d" relativeResultsDirectory="f1af4e9c-5c7d-4663-aade-4e5cb5509159" resultType="DataDrivenTest">
      <Counters error="0" failed="0" timeout="0" aborted="0" inconclusive="0" passedButRunAborted="0" notRunnable="0" notExecuted="0" disconnected="0" warning="0" passed="3" completed="0" inProgress="0" pending="0" />
      <InnerResults>
        <UnitTestResult executionId="5b6af40c-9c59-4a13-8022-7b676d4687ed" parentExecutionId="f1af4e9c-5c7d-4663-aade-4e5cb5509159" testId="721667a8-c11d-80ba-9f50-486538293871" testName="GetPoolAtencionTest" computerName="WXP_FGAMEZ" duration="00:00:00.0215739" startTime="2013-12-03T16:45:02.7866042-06:00" endTime="2013-12-03T16:45:02.8178100-06:00" testType="13cdc9d9-ddb5-4fa4-a97d-d965ccfc6d4b" outcome="Passed" testListId="8c84fa94-04c1-424b-9868-57a2d4851a1d" relativeResultsDirectory="f1af4e9c-5c7d-4663-aade-4e5cb5509159" dataRowInfo="0" resultType="DataDrivenDataRow" />
        <UnitTestResult executionId="fee1f891-36b6-4b16-8048-fc4c6c1875b7" parentExecutionId="f1af4e9c-5c7d-4663-aade-4e5cb5509159" testId="721667a8-c11d-80ba-9f50-486538293871" testName="GetPoolAtencionTest" computerName="WXP_FGAMEZ" duration="00:00:00.0162441" startTime="2013-12-03T16:45:02.8178100-06:00" endTime="2013-12-03T16:45:02.8334129-06:00" testType="13cdc9d9-ddb5-4fa4-a97d-d965ccfc6d4b" outcome="Passed" testListId="8c84fa94-04c1-424b-9868-57a2d4851a1d" relativeResultsDirectory="f1af4e9c-5c7d-4663-aade-4e5cb5509159" dataRowInfo="1" resultType="DataDrivenDataRow" />
        <UnitTestResult executionId="7ea5e678-ad99-4d41-8e2f-6d76e4baa890" parentExecutionId="f1af4e9c-5c7d-4663-aade-4e5cb5509159" testId="721667a8-c11d-80ba-9f50-486538293871" testName="GetPoolAtencionTest" computerName="WXP_FGAMEZ" duration="00:00:00.0251541" startTime="2013-12-03T16:45:02.8334129-06:00" endTime="2013-12-03T16:45:02.8490158-06:00" testType="13cdc9d9-ddb5-4fa4-a97d-d965ccfc6d4b" outcome="Passed" testListId="8c84fa94-04c1-424b-9868-57a2d4851a1d" relativeResultsDirectory="f1af4e9c-5c7d-4663-aade-4e5cb5509159" dataRowInfo="2" resultType="DataDrivenDataRow" />
      </InnerResults>
    </UnitTestResult>
    <UnitTestResult executionId="eff05317-2632-4dc3-a1a1-640ed6de008c" testId="93e83332-6444-3110-f73c-ac820af4dbad" testName="EstadosAtencionTest" computerName="WXP_FGAMEZ" duration="00:00:00.0009888" startTime="2013-12-03T16:45:02.8646187-06:00" endTime="2013-12-03T16:45:02.9270303-06:00" testType="13cdc9d9-ddb5-4fa4-a97d-d965ccfc6d4b" outcome="Passed" testListId="8c84fa94-04c1-424b-9868-57a2d4851a1d" relativeResultsDirectory="eff05317-2632-4dc3-a1a1-640ed6de008c">
    </UnitTestResult>
    <UnitTestResult executionId="51318dd7-5cf0-4eff-bf94-3dd2d3c215ad" testId="d1c41f63-d499-728a-a98d-050f8bc01c5d" testName="GenerarTurnoTest" computerName="WXP_FGAMEZ" duration="00:00:00.0382233" startTime="2013-12-03T16:45:02.9270303-06:00" endTime="2013-12-03T16:45:02.9738390-06:00" testType="13cdc9d9-ddb5-4fa4-a97d-d965ccfc6d4b" outcome="Passed" testListId="8c84fa94-04c1-424b-9868-57a2d4851a1d" relativeResultsDirectory="51318dd7-5cf0-4eff-bf94-3dd2d3c215ad" resultType="DataDrivenTest">
      <Counters error="0" failed="0" timeout="0" aborted="0" inconclusive="0" passedButRunAborted="0" notRunnable="0" notExecuted="0" disconnected="0" warning="0" passed="3" completed="0" inProgress="0" pending="0" />
      <InnerResults>
        <UnitTestResult executionId="955b5de3-2309-43fd-92a4-739b7cadd402" parentExecutionId="51318dd7-5cf0-4eff-bf94-3dd2d3c215ad" testId="d1c41f63-d499-728a-a98d-050f8bc01c5d" testName="GenerarTurnoTest" computerName="WXP_FGAMEZ" duration="00:00:00.0140896" startTime="2013-12-03T16:45:02.9270303-06:00" endTime="2013-12-03T16:45:02.9426332-06:00" testType="13cdc9d9-ddb5-4fa4-a97d-d965ccfc6d4b" outcome="Passed" testListId="8c84fa94-04c1-424b-9868-57a2d4851a1d" relativeResultsDirectory="51318dd7-5cf0-4eff-bf94-3dd2d3c215ad" dataRowInfo="0" resultType="DataDrivenDataRow" />
        <UnitTestResult executionId="9cff7046-e715-4951-8a31-c47d553083e1" parentExecutionId="51318dd7-5cf0-4eff-bf94-3dd2d3c215ad" testId="d1c41f63-d499-728a-a98d-050f8bc01c5d" testName="GenerarTurnoTest" computerName="WXP_FGAMEZ" duration="00:00:00.0123589" startTime="2013-12-03T16:45:02.9426332-06:00" endTime="2013-12-03T16:45:02.9582361-06:00" testType="13cdc9d9-ddb5-4fa4-a97d-d965ccfc6d4b" outcome="Passed" testListId="8c84fa94-04c1-424b-9868-57a2d4851a1d" relativeResultsDirectory="51318dd7-5cf0-4eff-bf94-3dd2d3c215ad" dataRowInfo="1" resultType="DataDrivenDataRow" />
        <UnitTestResult executionId="e55e29b4-2da3-4430-8d36-250ed498ae48" parentExecutionId="51318dd7-5cf0-4eff-bf94-3dd2d3c215ad" testId="d1c41f63-d499-728a-a98d-050f8bc01c5d" testName="GenerarTurnoTest" computerName="WXP_FGAMEZ" duration="00:00:00.0103747" startTime="2013-12-03T16:45:02.9582361-06:00" endTime="2013-12-03T16:45:02.9582361-06:00" testType="13cdc9d9-ddb5-4fa4-a97d-d965ccfc6d4b" outcome="Passed" testListId="8c84fa94-04c1-424b-9868-57a2d4851a1d" relativeResultsDirectory="51318dd7-5cf0-4eff-bf94-3dd2d3c215ad" dataRowInfo="2" resultType="DataDrivenDataRow" />
      </InnerResults>
    </UnitTestResult>
    <UnitTestResult executionId="30740787-0967-4b59-9a00-223c5b65bd27" testId="e540a699-583b-2455-7765-19288451c9f3" testName="GetPoolByEmpleadoTest" computerName="WXP_FGAMEZ" duration="00:00:00.0431188" startTime="2013-12-03T16:45:02.9738390-06:00" endTime="2013-12-03T16:45:03.0206477-06:00" testType="13cdc9d9-ddb5-4fa4-a97d-d965ccfc6d4b" outcome="Passed" testListId="8c84fa94-04c1-424b-9868-57a2d4851a1d" relativeResultsDirectory="30740787-0967-4b59-9a00-223c5b65bd27" resultType="DataDrivenTest">
      <Counters error="0" failed="0" timeout="0" aborted="0" inconclusive="0" passedButRunAborted="0" notRunnable="0" notExecuted="0" disconnected="0" warning="0" passed="3" completed="0" inProgress="0" pending="0" />
      <InnerResults>
        <UnitTestResult executionId="d34c8e2c-d36e-4f8f-805c-5f59fa3c22e1" parentExecutionId="30740787-0967-4b59-9a00-223c5b65bd27" testId="e540a699-583b-2455-7765-19288451c9f3" testName="GetPoolByEmpleadoTest" computerName="WXP_FGAMEZ" duration="00:00:00.0112810" startTime="2013-12-03T16:45:02.9738390-06:00" endTime="2013-12-03T16:45:02.9894419-06:00" testType="13cdc9d9-ddb5-4fa4-a97d-d965ccfc6d4b" outcome="Passed" testListId="8c84fa94-04c1-424b-9868-57a2d4851a1d" relativeResultsDirectory="30740787-0967-4b59-9a00-223c5b65bd27" dataRowInfo="0" resultType="DataDrivenDataRow" />
        <UnitTestResult executionId="4dc7542e-6e6d-4804-89ce-13d2ba97837d" parentExecutionId="30740787-0967-4b59-9a00-223c5b65bd27" testId="e540a699-583b-2455-7765-19288451c9f3" testName="GetPoolByEmpleadoTest" computerName="WXP_FGAMEZ" duration="00:00:00.0058921" startTime="2013-12-03T16:45:02.9894419-06:00" endTime="2013-12-03T16:45:02.9894419-06:00" testType="13cdc9d9-ddb5-4fa4-a97d-d965ccfc6d4b" outcome="Passed" testListId="8c84fa94-04c1-424b-9868-57a2d4851a1d" relativeResultsDirectory="30740787-0967-4b59-9a00-223c5b65bd27" dataRowInfo="1" resultType="DataDrivenDataRow" />
        <UnitTestResult executionId="dbbfae66-1747-4246-8b1a-2d47e5ddf7a8" parentExecutionId="30740787-0967-4b59-9a00-223c5b65bd27" testId="e540a699-583b-2455-7765-19288451c9f3" testName="GetPoolByEmpleadoTest" computerName="WXP_FGAMEZ" duration="00:00:00.0245782" startTime="2013-12-03T16:45:02.9894419-06:00" endTime="2013-12-03T16:45:03.0206477-06:00" testType="13cdc9d9-ddb5-4fa4-a97d-d965ccfc6d4b" outcome="Passed" testListId="8c84fa94-04c1-424b-9868-57a2d4851a1d" relativeResultsDirectory="30740787-0967-4b59-9a00-223c5b65bd27" dataRowInfo="2" resultType="DataDrivenDataRow" />
      </InnerResults>
    </UnitTestResult>
    <UnitTestResult executionId="62811c9b-8412-4ee1-a4a3-f11c5b99d8b7" testId="eae61f69-2eb7-9fe3-d09d-1716cabaf372" testName="EstadosTurnoTest" computerName="WXP_FGAMEZ" duration="00:00:00.0007701" startTime="2013-12-03T16:45:03.0206477-06:00" endTime="2013-12-03T16:45:03.0362506-06:00" testType="13cdc9d9-ddb5-4fa4-a97d-d965ccfc6d4b" outcome="Passed" testListId="8c84fa94-04c1-424b-9868-57a2d4851a1d" relativeResultsDirectory="62811c9b-8412-4ee1-a4a3-f11c5b99d8b7">
    </UnitTestResult>
    <UnitTestResult executionId="a324da2b-d481-4c33-a239-8ce723a600a3" testId="f0a4dff6-07c1-8a4a-7246-60c5f2c1511b" testName="GetPoolByUnidadTest" computerName="WXP_FGAMEZ" duration="00:00:00.0659410" startTime="2013-12-03T16:45:03.0362506-06:00" endTime="2013-12-03T16:45:03.0986622-06:00" testType="13cdc9d9-ddb5-4fa4-a97d-d965ccfc6d4b" outcome="Passed" testListId="8c84fa94-04c1-424b-9868-57a2d4851a1d" relativeResultsDirectory="a324da2b-d481-4c33-a239-8ce723a600a3" resultType="DataDrivenTest">
      <Counters error="0" failed="0" timeout="0" aborted="0" inconclusive="0" passedButRunAborted="0" notRunnable="0" notExecuted="0" disconnected="0" warning="0" passed="3" completed="0" inProgress="0" pending="0" />
      <InnerResults>
        <UnitTestResult executionId="d5a4e15a-6628-467c-8c0d-0e67d928c379" parentExecutionId="a324da2b-d481-4c33-a239-8ce723a600a3" testId="f0a4dff6-07c1-8a4a-7246-60c5f2c1511b" testName="GetPoolByUnidadTest" computerName="WXP_FGAMEZ" duration="00:00:00.0181188" startTime="2013-12-03T16:45:03.0362506-06:00" endTime="2013-12-03T16:45:03.0518535-06:00" testType="13cdc9d9-ddb5-4fa4-a97d-d965ccfc6d4b" outcome="Passed" testListId="8c84fa94-04c1-424b-9868-57a2d4851a1d" relativeResultsDirectory="a324da2b-d481-4c33-a239-8ce723a600a3" dataRowInfo="0" resultType="DataDrivenDataRow" />
        <UnitTestResult executionId="d9fb05b5-be81-4421-a9e2-57e286b55d9f" parentExecutionId="a324da2b-d481-4c33-a239-8ce723a600a3" testId="f0a4dff6-07c1-8a4a-7246-60c5f2c1511b" testName="GetPoolByUnidadTest" computerName="WXP_FGAMEZ" duration="00:00:00.0299528" startTime="2013-12-03T16:45:03.0518535-06:00" endTime="2013-12-03T16:45:03.0830593-06:00" testType="13cdc9d9-ddb5-4fa4-a97d-d965ccfc6d4b" outcome="Passed" testListId="8c84fa94-04c1-424b-9868-57a2d4851a1d" relativeResultsDirectory="a324da2b-d481-4c33-a239-8ce723a600a3" dataRowInfo="1" resultType="DataDrivenDataRow" />
        <UnitTestResult executionId="38790aca-8944-4c5f-ba9c-487978666c44" parentExecutionId="a324da2b-d481-4c33-a239-8ce723a600a3" testId="f0a4dff6-07c1-8a4a-7246-60c5f2c1511b" testName="GetPoolByUnidadTest" computerName="WXP_FGAMEZ" duration="00:00:00.0165237" startTime="2013-12-03T16:45:03.0830593-06:00" endTime="2013-12-03T16:45:03.0986622-06:00" testType="13cdc9d9-ddb5-4fa4-a97d-d965ccfc6d4b" outcome="Passed" testListId="8c84fa94-04c1-424b-9868-57a2d4851a1d" relativeResultsDirectory="a324da2b-d481-4c33-a239-8ce723a600a3" dataRowInfo="2" resultType="DataDrivenDataRow" />
      </InnerResults>
    </UnitTestResult>
    <UnitTestResult executionId="a2518436-f8fd-464f-bce6-28c7d18c90ac" testId="f8da9d3c-2f2c-1667-e8aa-8de1426e468c" testName="GetUnidadesNegocioTest" computerName="WXP_FGAMEZ" duration="00:00:00.0127877" startTime="2013-12-03T16:45:03.1142651-06:00" endTime="2013-12-03T16:45:03.1766767-06:00" testType="13cdc9d9-ddb5-4fa4-a97d-d965ccfc6d4b" outcome="Passed" testListId="8c84fa94-04c1-424b-9868-57a2d4851a1d" relativeResultsDirectory="a2518436-f8fd-464f-bce6-28c7d18c90ac">
    </UnitTestResult>
  </Results>
</TestRun>